09-24 20:44:08 ==== Runtime Args ====
09-24 20:44:08 model_name: resnet
09-24 20:44:08 source: c1
09-24 20:44:08 target: c4
09-24 20:44:08 data_dir: .\dataset
09-24 20:44:08 cuda_device: cpu
09-24 20:44:08 save_dir: .\artifacts\checkpoints\resnet_bs64_ep50_lr1e-3
09-24 20:44:08 max_epoch: 50
09-24 20:44:08 batch_size: 64
09-24 20:44:08 num_workers: 0
09-24 20:44:08 random_state: 42
09-24 20:44:08 normlizetype: None
09-24 20:44:08 opt: adam
09-24 20:44:08 lr: 0.001
09-24 20:44:08 momentum: 0.9
09-24 20:44:08 betas: (0.9, 0.999)
09-24 20:44:08 weight_decay: 1e-05
09-24 20:44:08 lr_scheduler: fix
09-24 20:44:08 gamma: 0.2
09-24 20:44:08 steps: 20
09-24 20:44:08 tradeoff: ['exp']
09-24 20:44:08 dropout: 0.2
09-24 20:44:08 grad_clip: 1.0
09-24 20:44:08 save: True
09-24 20:44:08 load_path: 
09-24 20:44:08 tsne: False
09-24 20:44:08 source_condition: c1
09-24 20:44:08 target_condition: c4
09-24 20:44:08 save_path: .\artifacts\checkpoints\resnet_bs64_ep50_lr1e-3\[c1]To[c4]_[42]
09-24 20:44:11 using cpu
09-24 20:44:12 source training set: 315
09-24 20:44:13 target unlabeled set: 315
09-24 20:44:13 target test set: 315
09-24 20:44:13 -----Epoch 1/50-----
09-24 20:44:18 Train-MSE Loss: 11647.1904
09-24 20:44:18 -----Epoch 2/50-----
09-24 20:44:22 Train-MSE Loss: 10626.0132
09-24 20:44:22 -----Epoch 3/50-----
09-24 20:44:26 Train-MSE Loss: 9976.3269
09-24 20:44:26 -----Epoch 4/50-----
09-24 20:44:30 Train-MSE Loss: 9579.1960
09-24 20:44:30 -----Epoch 5/50-----
09-24 20:44:34 Train-MSE Loss: 8904.0194
09-24 20:44:34 -----Epoch 6/50-----
09-24 20:44:39 Train-MSE Loss: 8385.8174
09-24 20:44:39 -----Epoch 7/50-----
09-24 20:44:43 Train-MSE Loss: 7735.3301
09-24 20:44:43 -----Epoch 8/50-----
09-24 20:44:47 Train-MSE Loss: 7316.8091
09-24 20:44:47 -----Epoch 9/50-----
09-24 20:44:51 Train-MSE Loss: 6953.3125
09-24 20:44:51 -----Epoch 10/50-----
09-24 20:44:55 Train-MSE Loss: 6540.5074
09-24 20:44:55 -----Epoch 11/50-----
09-24 20:44:59 Train-MSE Loss: 5974.2919
09-24 20:44:59 -----Epoch 12/50-----
09-24 20:45:03 Train-MSE Loss: 5886.9976
09-24 20:45:03 -----Epoch 13/50-----
09-24 20:45:07 Train-MSE Loss: 5183.4348
09-24 20:45:07 -----Epoch 14/50-----
09-24 20:45:12 Train-MSE Loss: 4563.0035
09-24 20:45:12 -----Epoch 15/50-----
09-24 20:45:16 Train-MSE Loss: 4085.9730
09-24 20:45:16 -----Epoch 16/50-----
09-24 20:45:20 Train-MSE Loss: 3619.9494
09-24 20:45:20 -----Epoch 17/50-----
09-24 20:45:24 Train-MSE Loss: 3276.6562
09-24 20:45:24 -----Epoch 18/50-----
09-24 20:45:28 Train-MSE Loss: 2992.4002
09-24 20:45:28 -----Epoch 19/50-----
09-24 20:45:32 Train-MSE Loss: 2654.2297
09-24 20:45:32 -----Epoch 20/50-----
09-24 20:45:36 Train-MSE Loss: 2240.3247
09-24 20:45:36 -----Epoch 21/50-----
09-24 20:45:41 Train-MSE Loss: 1824.1703
09-24 20:45:41 -----Epoch 22/50-----
09-24 20:45:45 Train-MSE Loss: 1698.0814
09-24 20:45:45 -----Epoch 23/50-----
09-24 20:45:49 Train-MSE Loss: 1316.2254
09-24 20:45:49 -----Epoch 24/50-----
09-24 20:45:53 Train-MSE Loss: 1237.6868
09-24 20:45:53 -----Epoch 25/50-----
09-24 20:45:57 Train-MSE Loss: 911.6863
09-24 20:45:57 -----Epoch 26/50-----
09-24 20:46:01 Train-MSE Loss: 725.2476
09-24 20:46:01 -----Epoch 27/50-----
09-24 20:46:05 Train-MSE Loss: 554.8260
09-24 20:46:05 -----Epoch 28/50-----
09-24 20:46:09 Train-MSE Loss: 458.0492
09-24 20:46:09 -----Epoch 29/50-----
09-24 20:46:13 Train-MSE Loss: 327.0423
09-24 20:46:13 -----Epoch 30/50-----
09-24 20:46:18 Train-MSE Loss: 250.6074
09-24 20:46:18 -----Epoch 31/50-----
09-24 20:46:22 Train-MSE Loss: 219.6546
09-24 20:46:22 -----Epoch 32/50-----
09-24 20:46:26 Train-MSE Loss: 142.6624
09-24 20:46:26 -----Epoch 33/50-----
09-24 20:46:30 Train-MSE Loss: 121.4420
09-24 20:46:30 -----Epoch 34/50-----
09-24 20:46:34 Train-MSE Loss: 88.3968
09-24 20:46:34 -----Epoch 35/50-----
09-24 20:46:38 Train-MSE Loss: 52.9718
09-24 20:46:38 -----Epoch 36/50-----
09-24 20:46:43 Train-MSE Loss: 64.6212
09-24 20:46:43 -----Epoch 37/50-----
09-24 20:46:47 Train-MSE Loss: 25.0685
09-24 20:46:47 -----Epoch 38/50-----
09-24 20:46:51 Train-MSE Loss: 24.0252
09-24 20:46:51 -----Epoch 39/50-----
09-24 20:46:55 Train-MSE Loss: 24.4351
09-24 20:46:55 -----Epoch 40/50-----
09-24 20:46:59 Train-MSE Loss: 15.0399
09-24 20:46:59 -----Epoch 41/50-----
09-24 20:47:03 Train-MSE Loss: 21.9609
09-24 20:47:03 -----Epoch 42/50-----
09-24 20:47:07 Train-MSE Loss: 7.3309
09-24 20:47:07 -----Epoch 43/50-----
09-24 20:47:11 Train-MSE Loss: 3.8529
09-24 20:47:11 -----Epoch 44/50-----
09-24 20:47:15 Train-MSE Loss: 15.1400
09-24 20:47:15 -----Epoch 45/50-----
09-24 20:47:20 Train-MSE Loss: 8.6370
09-24 20:47:20 -----Epoch 46/50-----
09-24 20:47:24 Train-MSE Loss: 8.8620
09-24 20:47:24 -----Epoch 47/50-----
09-24 20:47:28 Train-MSE Loss: 7.9002
09-24 20:47:28 -----Epoch 48/50-----
09-24 20:47:32 Train-MSE Loss: 19.0375
09-24 20:47:32 -----Epoch 49/50-----
09-24 20:47:36 Train-MSE Loss: 14.7316
09-24 20:47:36 -----Epoch 50/50-----
09-24 20:47:40 Train-MSE Loss: 14.1584
09-24 20:48:15 ==== Runtime Args ====
09-24 20:48:15 model_name: resnet
09-24 20:48:15 source: c1
09-24 20:48:15 target: c4
09-24 20:48:15 data_dir: .\dataset
09-24 20:48:15 cuda_device: cpu
09-24 20:48:15 save_dir: .\artifacts\checkpoints\resnet_bs64_ep50_lr1e-3
09-24 20:48:15 max_epoch: 50
09-24 20:48:15 batch_size: 64
09-24 20:48:15 num_workers: 0
09-24 20:48:15 random_state: 42
09-24 20:48:15 normlizetype: None
09-24 20:48:15 opt: adam
09-24 20:48:15 lr: 0.001
09-24 20:48:15 momentum: 0.9
09-24 20:48:15 betas: (0.9, 0.999)
09-24 20:48:15 weight_decay: 1e-05
09-24 20:48:15 lr_scheduler: fix
09-24 20:48:15 gamma: 0.2
09-24 20:48:15 steps: 20
09-24 20:48:15 tradeoff: ['exp']
09-24 20:48:15 dropout: 0.2
09-24 20:48:15 grad_clip: 1.0
09-24 20:48:15 save: True
09-24 20:48:15 load_path: 
09-24 20:48:15 tsne: False
09-24 20:48:15 source_condition: c1
09-24 20:48:15 target_condition: c4
09-24 20:48:15 save_path: .\artifacts\checkpoints\resnet_bs64_ep50_lr1e-3\[c1]To[c4]_[42]
09-24 20:48:18 using cpu
09-24 20:48:19 source training set: 315
09-24 20:48:20 target unlabeled set: 315
09-24 20:48:20 target test set: 315
09-24 20:48:20 -----Epoch 1/50-----
09-24 20:48:25 Train-MSE Loss: 11647.1904
09-24 20:48:25 -----Epoch 2/50-----
09-24 20:48:29 Train-MSE Loss: 10626.0132
09-24 20:48:29 -----Epoch 3/50-----
09-24 20:48:33 Train-MSE Loss: 9976.3269
09-24 20:48:33 -----Epoch 4/50-----
09-24 20:48:37 Train-MSE Loss: 9579.1960
09-24 20:48:37 -----Epoch 5/50-----
09-24 20:48:41 Train-MSE Loss: 8904.0194
09-24 20:48:41 -----Epoch 6/50-----
09-24 20:48:45 Train-MSE Loss: 8385.8174
09-24 20:48:45 -----Epoch 7/50-----
09-24 20:48:50 Train-MSE Loss: 7735.3301
09-24 20:48:50 -----Epoch 8/50-----
09-24 20:48:54 Train-MSE Loss: 7316.8091
09-24 20:48:54 -----Epoch 9/50-----
09-24 20:48:58 Train-MSE Loss: 6953.3125
09-24 20:48:58 -----Epoch 10/50-----
09-24 20:49:02 Train-MSE Loss: 6540.5074
09-24 20:49:02 -----Epoch 11/50-----
09-24 20:49:06 Train-MSE Loss: 5974.2919
09-24 20:49:06 -----Epoch 12/50-----
09-24 20:49:10 Train-MSE Loss: 5886.9976
09-24 20:49:10 -----Epoch 13/50-----
09-24 20:49:14 Train-MSE Loss: 5183.4348
09-24 20:49:14 -----Epoch 14/50-----
09-24 20:49:19 Train-MSE Loss: 4563.0035
09-24 20:49:19 -----Epoch 15/50-----
09-24 20:49:23 Train-MSE Loss: 4085.9730
09-24 20:49:23 -----Epoch 16/50-----
09-24 20:49:27 Train-MSE Loss: 3619.9494
09-24 20:49:27 -----Epoch 17/50-----
09-24 20:49:31 Train-MSE Loss: 3276.6562
09-24 20:49:31 -----Epoch 18/50-----
09-24 20:49:35 Train-MSE Loss: 2992.4002
09-24 20:49:35 -----Epoch 19/50-----
09-24 20:49:39 Train-MSE Loss: 2654.2297
09-24 20:49:39 -----Epoch 20/50-----
09-24 20:49:43 Train-MSE Loss: 2240.3247
09-24 20:49:43 -----Epoch 21/50-----
09-24 20:49:47 Train-MSE Loss: 1824.1703
09-24 20:49:47 -----Epoch 22/50-----
09-24 20:49:52 Train-MSE Loss: 1698.0814
09-24 20:49:52 -----Epoch 23/50-----
09-24 20:49:56 Train-MSE Loss: 1316.2254
09-24 20:49:56 -----Epoch 24/50-----
09-24 20:50:00 Train-MSE Loss: 1237.6868
09-24 20:50:00 -----Epoch 25/50-----
09-24 20:50:04 Train-MSE Loss: 911.6863
09-24 20:50:04 -----Epoch 26/50-----
09-24 20:50:08 Train-MSE Loss: 725.2476
09-24 20:50:08 -----Epoch 27/50-----
09-24 20:50:12 Train-MSE Loss: 554.8260
09-24 20:50:12 -----Epoch 28/50-----
09-24 20:50:16 Train-MSE Loss: 458.0492
09-24 20:50:16 -----Epoch 29/50-----
09-24 20:50:20 Train-MSE Loss: 327.0423
09-24 20:50:20 -----Epoch 30/50-----
09-24 20:50:24 Train-MSE Loss: 250.6074
09-24 20:50:24 -----Epoch 31/50-----
09-24 20:50:29 Train-MSE Loss: 219.6546
09-24 20:50:29 -----Epoch 32/50-----
09-24 20:50:33 Train-MSE Loss: 142.6624
09-24 20:50:33 -----Epoch 33/50-----
09-24 20:50:37 Train-MSE Loss: 121.4420
09-24 20:50:37 -----Epoch 34/50-----
09-24 20:50:41 Train-MSE Loss: 88.3968
09-24 20:50:41 -----Epoch 35/50-----
09-24 20:50:45 Train-MSE Loss: 52.9718
09-24 20:50:45 -----Epoch 36/50-----
09-24 20:50:49 Train-MSE Loss: 64.6212
09-24 20:50:49 -----Epoch 37/50-----
09-24 20:50:53 Train-MSE Loss: 25.0685
09-24 20:50:53 -----Epoch 38/50-----
09-24 20:50:57 Train-MSE Loss: 24.0252
09-24 20:50:57 -----Epoch 39/50-----
09-24 20:51:01 Train-MSE Loss: 24.4351
09-24 20:51:01 -----Epoch 40/50-----
09-24 20:51:05 Train-MSE Loss: 15.0399
09-24 20:51:05 -----Epoch 41/50-----
09-24 20:51:10 Train-MSE Loss: 21.9609
09-24 20:51:10 -----Epoch 42/50-----
09-24 20:51:14 Train-MSE Loss: 7.3309
09-24 20:51:14 -----Epoch 43/50-----
09-24 20:51:18 Train-MSE Loss: 3.8529
09-24 20:51:18 -----Epoch 44/50-----
09-24 20:51:22 Train-MSE Loss: 15.1400
09-24 20:51:22 -----Epoch 45/50-----
09-24 20:51:26 Train-MSE Loss: 8.6370
09-24 20:51:26 -----Epoch 46/50-----
09-24 20:51:30 Train-MSE Loss: 8.8620
09-24 20:51:30 -----Epoch 47/50-----
09-24 20:51:34 Train-MSE Loss: 7.9002
09-24 20:51:34 -----Epoch 48/50-----
09-24 20:51:38 Train-MSE Loss: 19.0375
09-24 20:51:38 -----Epoch 49/50-----
09-24 20:51:42 Train-MSE Loss: 14.7316
09-24 20:51:42 -----Epoch 50/50-----
09-24 20:51:46 Train-MSE Loss: 14.1584
09-24 20:51:48 [target_test] MAE=12.012, RMSE=16.193, R²=0.818, MAPE=11.68%
09-24 20:51:48 Saved visualization: visualization\resnet\c1_tgt-c4.png
09-24 20:51:48 Model saved to .\artifacts\checkpoints\resnet_bs64_ep50_lr1e-3\[c1]To[c4]_[42].pth
