Start norm=zscore c4->c1 seed=46
Start source_only c4->c1 seed=46 init_sha256=f7a36f8ae49613bd5ba814e2562826bc0ad4fcc2564cc749136e9ff2fb9b7b48
source_only epoch=1/50 source_MSE=10961.766016 gram=0.000000 source_order_sha256=b43c0eef61b4e2937159fac825ec4b0f0a309d4960d906437b9a519e6314dc6c target_unique=0
source_only epoch=2/50 source_MSE=9740.216602 gram=0.000000 source_order_sha256=99e91673c9feab027e5126b8302b20895d3ffde1bdf83be9302a3f9bbe93e08d target_unique=0
source_only epoch=3/50 source_MSE=9066.104492 gram=0.000000 source_order_sha256=b65fc12cba49c982d9ecf9f0a10a1d9b4d81386d3493ee99fbfd30c2031e7f73 target_unique=0
source_only epoch=4/50 source_MSE=8435.288184 gram=0.000000 source_order_sha256=76b9ee75936b122b271363d3028f0f88b807f9128d5adfb560251ceb86065543 target_unique=0
source_only epoch=5/50 source_MSE=7850.987598 gram=0.000000 source_order_sha256=99490cea6e8182bf6b503954a78f1bd1a2f2b575a3e5d4238faacfc93c13b5db target_unique=0
source_only epoch=6/50 source_MSE=7267.626465 gram=0.000000 source_order_sha256=9200796bb2ff3431788082628225880b3cb77c9db57c8ea477b074826ecd2f81 target_unique=0
source_only epoch=7/50 source_MSE=6674.239453 gram=0.000000 source_order_sha256=ffd15ac5dc21321afdb33089fb78b037f6c07b87fc26288aab398b36803673e7 target_unique=0
source_only epoch=8/50 source_MSE=6133.208887 gram=0.000000 source_order_sha256=d18275e177651f2a0cfa59d892caae0b63cb0ffe768fa4adb74d975e4020b2dd target_unique=0
source_only epoch=9/50 source_MSE=5489.808691 gram=0.000000 source_order_sha256=43ddd19b9d661c67110dc98bec5d479bde043466f0fbfb11c654e30a67daeac1 target_unique=0
source_only epoch=10/50 source_MSE=4892.431201 gram=0.000000 source_order_sha256=7a4972e352e43835d81aeed873faf0ac2790b55f82b1d7c27898fe428cdba1e3 target_unique=0
source_only epoch=11/50 source_MSE=4335.466260 gram=0.000000 source_order_sha256=2ab7187c2d4e00df75fc341597f0517fcb609530715f718a3aad71c6c62d4d30 target_unique=0
source_only epoch=12/50 source_MSE=3740.117773 gram=0.000000 source_order_sha256=7ee0eb021dd01bb796044e1c09a819d5708f61f8c4a5539cd750793289a26533 target_unique=0
source_only epoch=13/50 source_MSE=3217.268848 gram=0.000000 source_order_sha256=1231b54c2d6a872464c797107d5b2e0d845a3ea620a9503768c83af4d80b1c61 target_unique=0
source_only epoch=14/50 source_MSE=2699.266260 gram=0.000000 source_order_sha256=649ac453467c96e6fc1e6d99943847f91d89e1dfbfdf7b9cf37ffb42a43a41b3 target_unique=0
source_only epoch=15/50 source_MSE=2317.665820 gram=0.000000 source_order_sha256=410d3dda655a7be694b54a1a11493bd0b89bec4c745ec41b734e4589201ab1b5 target_unique=0
source_only epoch=16/50 source_MSE=1894.980664 gram=0.000000 source_order_sha256=0ac6f08bde12fa9a2315b46c83641b67a18abd8bffa3274a278dd14105c4d693 target_unique=0
source_only epoch=17/50 source_MSE=1514.150647 gram=0.000000 source_order_sha256=111b7de9d98b7af19c9f4b58383915a9a55997608b8be63c5e20f3fa330aa482 target_unique=0
source_only epoch=18/50 source_MSE=1296.934131 gram=0.000000 source_order_sha256=ffe7bdf1ce33eb0083ff6d7f42c7be92446e35f131000d9e994ed3e0d758af39 target_unique=0
source_only epoch=19/50 source_MSE=934.524023 gram=0.000000 source_order_sha256=2254d17d8c587d2b097559fe5156cea351b68f51c1017478c9b5b8dc90fc0b14 target_unique=0
source_only epoch=20/50 source_MSE=762.959705 gram=0.000000 source_order_sha256=f415c568d7d8db59303b85bfc817155a0be2ec283477f75e6575a8a527900996 target_unique=0
source_only epoch=21/50 source_MSE=621.605786 gram=0.000000 source_order_sha256=3c8e5dbaf39e7632bfe9fee296bc172ef601d4c6294279dfbea7cffa9328218a target_unique=0
source_only epoch=22/50 source_MSE=417.898419 gram=0.000000 source_order_sha256=ac294e251312176d0d40ea54d93a54b42495502bcb04312071358c24f1bb1a46 target_unique=0
source_only epoch=23/50 source_MSE=367.546213 gram=0.000000 source_order_sha256=eef9fba928cc56b40a2300963870f7c73b6af65b48a7030977e935a1efa896cb target_unique=0
source_only epoch=24/50 source_MSE=257.554877 gram=0.000000 source_order_sha256=7245b6a266109d661c0552fb0d5afab1d7f986283023c37b5087b06d5609f586 target_unique=0
source_only epoch=25/50 source_MSE=285.787805 gram=0.000000 source_order_sha256=c2d5c8c8492acf6ac20b1682bd30d730ad77952566d1cb1ac96cab07097a76e8 target_unique=0
source_only epoch=26/50 source_MSE=152.515942 gram=0.000000 source_order_sha256=880b11a68c3e9331b8b85f8b293d16ee89de970ed21d1e27190a8236ea3853a9 target_unique=0
source_only epoch=27/50 source_MSE=96.244299 gram=0.000000 source_order_sha256=46d2fb7f517579897edf44af4c4c7370d382e161a19d511f7c8039bb57b9cd0e target_unique=0
source_only epoch=28/50 source_MSE=87.028597 gram=0.000000 source_order_sha256=ce74ee140cc37ceaa169460330a8d480c042dc0cb4e3041415702b072281c550 target_unique=0
source_only epoch=29/50 source_MSE=37.880294 gram=0.000000 source_order_sha256=d9e0f60480670f491ea3d5863ee2950ed74376fd4cd39a136bd56119046525af target_unique=0
source_only epoch=30/50 source_MSE=50.791949 gram=0.000000 source_order_sha256=fd91dc1b94d0a0a48def896214cdf12068ab19a5150643cc31e54614ab9d7c93 target_unique=0
source_only epoch=31/50 source_MSE=46.178545 gram=0.000000 source_order_sha256=3b517477f5e2e983f0621ffb3bea3e5c22fce61e693dc45e40d5b7bb8e2802a1 target_unique=0
source_only epoch=32/50 source_MSE=73.553982 gram=0.000000 source_order_sha256=c114a5417c784b0bf3eed5ea582865e655d2fdcdd834ae7129dc1d23b005ff7d target_unique=0
source_only epoch=33/50 source_MSE=53.255212 gram=0.000000 source_order_sha256=f18750f3c89bd3c6a3810e8fa998a7dadc289fdacf46cec48d15c3465fd72575 target_unique=0
source_only epoch=34/50 source_MSE=47.272710 gram=0.000000 source_order_sha256=26fb9d8ade12e39eb6d29de095657d8167d0990aaf65fa29fe51aa63e1d070bb target_unique=0
source_only epoch=35/50 source_MSE=69.310870 gram=0.000000 source_order_sha256=b33c1dcbcfbb1359ba8014a0ccc2558bc8122791f45011a2392af5dc126773ec target_unique=0
source_only epoch=36/50 source_MSE=78.300859 gram=0.000000 source_order_sha256=3570f4c448082ba2bb1c483f49e0037053aa7e61383d7d1aceb58e887d4e3059 target_unique=0
source_only epoch=37/50 source_MSE=83.614915 gram=0.000000 source_order_sha256=fae30d267d8a739def121ea5250cfff9001d87dfb0616d0e23cb70ece64bd03d target_unique=0
source_only epoch=38/50 source_MSE=143.148320 gram=0.000000 source_order_sha256=8101cd9fe59adb7821243662b08492e4d12a6f6baf0d39c61f2d0a1ec3f78fcb target_unique=0
source_only epoch=39/50 source_MSE=87.687117 gram=0.000000 source_order_sha256=4c4648d71a519d8f0322b43e3549a95e79979b8c9c8aacb7ee567d231b1a1b87 target_unique=0
source_only epoch=40/50 source_MSE=86.579875 gram=0.000000 source_order_sha256=7f67143d17b4c6d7ca2bb9a5274f71e73a57628319f4ad8d79dc443ad05d9709 target_unique=0
source_only epoch=41/50 source_MSE=62.916735 gram=0.000000 source_order_sha256=290bb2d929e2e87c73d15343a24f9940275ffecd0af1626c6cdfb2648d6f8638 target_unique=0
source_only epoch=42/50 source_MSE=63.659059 gram=0.000000 source_order_sha256=b70c91332029c18e8e2ae7c0337443d8806c0ef60f9c1fc48313aab168272689 target_unique=0
source_only epoch=43/50 source_MSE=34.476641 gram=0.000000 source_order_sha256=d413266be36c0512b14385a568e71e1f1569152d4b2db25368c04025ab1ce668 target_unique=0
source_only epoch=44/50 source_MSE=35.024255 gram=0.000000 source_order_sha256=e9b1011dec804903b42132101c448cc31b524f9307fbb047fa5a952e8053f47c target_unique=0
source_only epoch=45/50 source_MSE=30.437971 gram=0.000000 source_order_sha256=5197ae9a1d6430afdeb727920aed5c43628d0872d0fb153f6c730cf5b8aa028e target_unique=0
source_only epoch=46/50 source_MSE=27.023275 gram=0.000000 source_order_sha256=131a66417f4ba6bb4a03a727177bb1e42c0b1dc35cbdc9478dbaa3ee25249734 target_unique=0
source_only epoch=47/50 source_MSE=21.137599 gram=0.000000 source_order_sha256=50a71b1ad5a92b0514ffd25e8e9590fe656be97238adf96ef6bbbc3e62b7101b target_unique=0
source_only epoch=48/50 source_MSE=17.520171 gram=0.000000 source_order_sha256=52f79a349b1207b47449a87fde32a9e301d4ebe25e481101391c4e1642f9b7b5 target_unique=0
source_only epoch=49/50 source_MSE=18.097847 gram=0.000000 source_order_sha256=d7899aea879777ed996823025588b152e641a4d83e79180ce0c9f5837a87b7af target_unique=0
source_only epoch=50/50 source_MSE=15.375065 gram=0.000000 source_order_sha256=178577b9813c7e1fdd2aa57d877b499ba4740fbe194202af48079a889d9cbcca target_unique=0
Saved final epoch checkpoint: artifacts\norm_comparison_20260925\zscore\c4_to_c1\seed_46\source_only\final.pth
Start daregram c4->c1 seed=46 init_sha256=f7a36f8ae49613bd5ba814e2562826bc0ad4fcc2564cc749136e9ff2fb9b7b48
daregram epoch=1/50 source_MSE=10961.766016 gram=23.490372 source_order_sha256=b43c0eef61b4e2937159fac825ec4b0f0a309d4960d906437b9a519e6314dc6c target_unique=315
daregram epoch=2/50 source_MSE=9739.933594 gram=27.436701 source_order_sha256=99e91673c9feab027e5126b8302b20895d3ffde1bdf83be9302a3f9bbe93e08d target_unique=315
daregram epoch=3/50 source_MSE=9068.257129 gram=23.043205 source_order_sha256=b65fc12cba49c982d9ecf9f0a10a1d9b4d81386d3493ee99fbfd30c2031e7f73 target_unique=315
daregram epoch=4/50 source_MSE=8438.205469 gram=26.930591 source_order_sha256=76b9ee75936b122b271363d3028f0f88b807f9128d5adfb560251ceb86065543 target_unique=315
daregram epoch=5/50 source_MSE=7838.529980 gram=53.483105 source_order_sha256=99490cea6e8182bf6b503954a78f1bd1a2f2b575a3e5d4238faacfc93c13b5db target_unique=315
daregram epoch=6/50 source_MSE=7234.349707 gram=19.263119 source_order_sha256=9200796bb2ff3431788082628225880b3cb77c9db57c8ea477b074826ecd2f81 target_unique=315
daregram epoch=7/50 source_MSE=6646.421973 gram=35.472509 source_order_sha256=ffd15ac5dc21321afdb33089fb78b037f6c07b87fc26288aab398b36803673e7 target_unique=315
daregram epoch=8/50 source_MSE=6102.556055 gram=31.265510 source_order_sha256=d18275e177651f2a0cfa59d892caae0b63cb0ffe768fa4adb74d975e4020b2dd target_unique=315
daregram epoch=9/50 source_MSE=5470.351758 gram=31.650196 source_order_sha256=43ddd19b9d661c67110dc98bec5d479bde043466f0fbfb11c654e30a67daeac1 target_unique=315
daregram epoch=10/50 source_MSE=4900.463232 gram=56.192877 source_order_sha256=7a4972e352e43835d81aeed873faf0ac2790b55f82b1d7c27898fe428cdba1e3 target_unique=315
daregram epoch=11/50 source_MSE=4360.025635 gram=51.923825 source_order_sha256=2ab7187c2d4e00df75fc341597f0517fcb609530715f718a3aad71c6c62d4d30 target_unique=315
daregram epoch=12/50 source_MSE=3751.280469 gram=34.922146 source_order_sha256=7ee0eb021dd01bb796044e1c09a819d5708f61f8c4a5539cd750793289a26533 target_unique=315
daregram epoch=13/50 source_MSE=3258.266553 gram=34.332999 source_order_sha256=1231b54c2d6a872464c797107d5b2e0d845a3ea620a9503768c83af4d80b1c61 target_unique=315
daregram epoch=14/50 source_MSE=2726.665088 gram=47.352106 source_order_sha256=649ac453467c96e6fc1e6d99943847f91d89e1dfbfdf7b9cf37ffb42a43a41b3 target_unique=315
daregram epoch=15/50 source_MSE=2379.088232 gram=26.805367 source_order_sha256=410d3dda655a7be694b54a1a11493bd0b89bec4c745ec41b734e4589201ab1b5 target_unique=315
daregram epoch=16/50 source_MSE=2072.870532 gram=37.262981 source_order_sha256=0ac6f08bde12fa9a2315b46c83641b67a18abd8bffa3274a278dd14105c4d693 target_unique=315
daregram epoch=17/50 source_MSE=1638.009741 gram=11.954179 source_order_sha256=111b7de9d98b7af19c9f4b58383915a9a55997608b8be63c5e20f3fa330aa482 target_unique=315
daregram epoch=18/50 source_MSE=1277.974646 gram=39.641702 source_order_sha256=ffe7bdf1ce33eb0083ff6d7f42c7be92446e35f131000d9e994ed3e0d758af39 target_unique=315
daregram epoch=19/50 source_MSE=950.876428 gram=65.082350 source_order_sha256=2254d17d8c587d2b097559fe5156cea351b68f51c1017478c9b5b8dc90fc0b14 target_unique=315
daregram epoch=20/50 source_MSE=725.757141 gram=39.003459 source_order_sha256=f415c568d7d8db59303b85bfc817155a0be2ec283477f75e6575a8a527900996 target_unique=315
daregram epoch=21/50 source_MSE=550.496436 gram=13.610746 source_order_sha256=3c8e5dbaf39e7632bfe9fee296bc172ef601d4c6294279dfbea7cffa9328218a target_unique=315
daregram epoch=22/50 source_MSE=396.898138 gram=27.612899 source_order_sha256=ac294e251312176d0d40ea54d93a54b42495502bcb04312071358c24f1bb1a46 target_unique=315
daregram epoch=23/50 source_MSE=422.251077 gram=8.184646 source_order_sha256=eef9fba928cc56b40a2300963870f7c73b6af65b48a7030977e935a1efa896cb target_unique=315
daregram epoch=24/50 source_MSE=297.420078 gram=14.671621 source_order_sha256=7245b6a266109d661c0552fb0d5afab1d7f986283023c37b5087b06d5609f586 target_unique=315
daregram epoch=25/50 source_MSE=285.433313 gram=12.872552 source_order_sha256=c2d5c8c8492acf6ac20b1682bd30d730ad77952566d1cb1ac96cab07097a76e8 target_unique=315
daregram epoch=26/50 source_MSE=181.883075 gram=18.058766 source_order_sha256=880b11a68c3e9331b8b85f8b293d16ee89de970ed21d1e27190a8236ea3853a9 target_unique=315
daregram epoch=27/50 source_MSE=114.779157 gram=19.338059 source_order_sha256=46d2fb7f517579897edf44af4c4c7370d382e161a19d511f7c8039bb57b9cd0e target_unique=315
daregram epoch=28/50 source_MSE=81.368544 gram=7.935761 source_order_sha256=ce74ee140cc37ceaa169460330a8d480c042dc0cb4e3041415702b072281c550 target_unique=315
daregram epoch=29/50 source_MSE=40.470350 gram=11.053213 source_order_sha256=d9e0f60480670f491ea3d5863ee2950ed74376fd4cd39a136bd56119046525af target_unique=315
daregram epoch=30/50 source_MSE=46.910108 gram=14.947145 source_order_sha256=fd91dc1b94d0a0a48def896214cdf12068ab19a5150643cc31e54614ab9d7c93 target_unique=315
daregram epoch=31/50 source_MSE=25.372699 gram=15.727503 source_order_sha256=3b517477f5e2e983f0621ffb3bea3e5c22fce61e693dc45e40d5b7bb8e2802a1 target_unique=315
daregram epoch=32/50 source_MSE=59.772910 gram=12.580203 source_order_sha256=c114a5417c784b0bf3eed5ea582865e655d2fdcdd834ae7129dc1d23b005ff7d target_unique=315
daregram epoch=33/50 source_MSE=39.630336 gram=9.754698 source_order_sha256=f18750f3c89bd3c6a3810e8fa998a7dadc289fdacf46cec48d15c3465fd72575 target_unique=315
daregram epoch=34/50 source_MSE=37.792480 gram=17.224903 source_order_sha256=26fb9d8ade12e39eb6d29de095657d8167d0990aaf65fa29fe51aa63e1d070bb target_unique=315
daregram epoch=35/50 source_MSE=37.077046 gram=12.136598 source_order_sha256=b33c1dcbcfbb1359ba8014a0ccc2558bc8122791f45011a2392af5dc126773ec target_unique=315
daregram epoch=36/50 source_MSE=36.008764 gram=11.591378 source_order_sha256=3570f4c448082ba2bb1c483f49e0037053aa7e61383d7d1aceb58e887d4e3059 target_unique=315
daregram epoch=37/50 source_MSE=40.724503 gram=4.793145 source_order_sha256=fae30d267d8a739def121ea5250cfff9001d87dfb0616d0e23cb70ece64bd03d target_unique=315
daregram epoch=38/50 source_MSE=54.869091 gram=4.448851 source_order_sha256=8101cd9fe59adb7821243662b08492e4d12a6f6baf0d39c61f2d0a1ec3f78fcb target_unique=315
daregram epoch=39/50 source_MSE=30.301344 gram=4.492106 source_order_sha256=4c4648d71a519d8f0322b43e3549a95e79979b8c9c8aacb7ee567d231b1a1b87 target_unique=315
daregram epoch=40/50 source_MSE=52.381130 gram=4.073523 source_order_sha256=7f67143d17b4c6d7ca2bb9a5274f71e73a57628319f4ad8d79dc443ad05d9709 target_unique=315
daregram epoch=41/50 source_MSE=39.570680 gram=3.987885 source_order_sha256=290bb2d929e2e87c73d15343a24f9940275ffecd0af1626c6cdfb2648d6f8638 target_unique=315
daregram epoch=42/50 source_MSE=54.578585 gram=8.451598 source_order_sha256=b70c91332029c18e8e2ae7c0337443d8806c0ef60f9c1fc48313aab168272689 target_unique=315
daregram epoch=43/50 source_MSE=23.330556 gram=6.541830 source_order_sha256=d413266be36c0512b14385a568e71e1f1569152d4b2db25368c04025ab1ce668 target_unique=315
daregram epoch=44/50 source_MSE=29.909778 gram=6.375244 source_order_sha256=e9b1011dec804903b42132101c448cc31b524f9307fbb047fa5a952e8053f47c target_unique=315
daregram epoch=45/50 source_MSE=36.682681 gram=7.353539 source_order_sha256=5197ae9a1d6430afdeb727920aed5c43628d0872d0fb153f6c730cf5b8aa028e target_unique=315
daregram epoch=46/50 source_MSE=20.438816 gram=6.398432 source_order_sha256=131a66417f4ba6bb4a03a727177bb1e42c0b1dc35cbdc9478dbaa3ee25249734 target_unique=315
daregram epoch=47/50 source_MSE=13.114759 gram=3.658638 source_order_sha256=50a71b1ad5a92b0514ffd25e8e9590fe656be97238adf96ef6bbbc3e62b7101b target_unique=315
daregram epoch=48/50 source_MSE=18.133793 gram=4.785063 source_order_sha256=52f79a349b1207b47449a87fde32a9e301d4ebe25e481101391c4e1642f9b7b5 target_unique=315
daregram epoch=49/50 source_MSE=17.517302 gram=4.958776 source_order_sha256=d7899aea879777ed996823025588b152e641a4d83e79180ce0c9f5837a87b7af target_unique=315
daregram epoch=50/50 source_MSE=13.324577 gram=3.122766 source_order_sha256=178577b9813c7e1fdd2aa57d877b499ba4740fbe194202af48079a889d9cbcca target_unique=315
Saved final epoch checkpoint: artifacts\norm_comparison_20260925\zscore\c4_to_c1\seed_46\daregram\final.pth
Completed norm=zscore c4->c1 seed=46: {'source_only': {'MAE': 15.075895224677192, 'RMSE': 20.220263029739936, 'R2': 0.4516557560185819, 'MAPE_percent': 13.483851716522055}, 'daregram': {'MAE': 13.905018676273407, 'RMSE': 16.849873425880315, 'R2': 0.6192210137326768, 'MAPE_percent': 13.024602500434778}}
