2026-09-24 21:47:25,303 Audited C1 NPZ rows: 50/315
2026-09-24 21:47:30,855 Audited C1 NPZ rows: 100/315
2026-09-24 21:47:36,290 Audited C1 NPZ rows: 150/315
2026-09-24 21:47:41,775 Audited C1 NPZ rows: 200/315
2026-09-24 21:47:47,277 Audited C1 NPZ rows: 250/315
2026-09-24 21:47:52,896 Audited C1 NPZ rows: 300/315
2026-09-24 21:47:54,586 Audited C1 NPZ rows: 315/315
2026-09-24 21:48:00,733 Audited C4 NPZ rows: 50/315
2026-09-24 21:48:06,656 Audited C4 NPZ rows: 100/315
2026-09-24 21:48:12,687 Audited C4 NPZ rows: 150/315
2026-09-24 21:48:18,787 Audited C4 NPZ rows: 200/315
2026-09-24 21:48:24,971 Audited C4 NPZ rows: 250/315
2026-09-24 21:48:31,460 Audited C4 NPZ rows: 300/315
2026-09-24 21:48:33,340 Audited C4 NPZ rows: 315/315
2026-09-24 21:48:33,889 Source samples: C1=315 C4=315 combined=630
2026-09-24 21:48:33,889 C6 fixed suffix test cuts: [95, 96, 97, 98, 99, 100, 101, 102, 103, 104, 105, 106, 107, 108, 109, 110, 111, 112, 113, 114, 115, 116, 117, 118, 119, 120, 121, 122, 123, 124, 125, 126, 127, 128, 129, 130, 131, 132, 133, 134, 135, 136, 137, 138, 139, 140, 141, 142, 143, 144, 145, 146, 147, 148, 149, 150, 151, 152, 153, 154, 155, 156, 157, 158, 159, 160, 161, 162, 163, 164, 165, 166, 167, 168, 169, 170, 171, 172, 173, 174, 175, 176, 177, 178, 179, 180, 181, 182, 183, 184, 185, 186, 187, 188, 189, 190, 191, 192, 193, 194, 195, 196, 197, 198, 199, 200, 201, 202, 203, 204, 205, 206, 207, 208, 209, 210, 211, 212, 213, 214, 215, 216, 217, 218, 219, 220, 221, 222, 223, 224, 225, 226, 227, 228, 229, 230, 231, 232, 233, 234, 235, 236, 237, 238, 239, 240, 241, 242, 243, 244, 245, 246, 247, 248, 249, 250, 251, 252, 253, 254, 255, 256, 257, 258, 259, 260, 261, 262, 263, 264, 265, 266, 267, 268, 269, 270, 271, 272, 273, 274, 275, 276, 277, 278, 279, 280, 281, 282, 283, 284, 285, 286, 287, 288, 289, 290, 291, 292, 293, 294, 295, 296, 297, 298, 299, 300, 301, 302, 303, 304, 305, 306, 307, 308, 309, 310, 311, 312, 313, 314, 315]
2026-09-24 21:48:33,889 Source label ranges: C1=[39.64352035522461, 165.1724090576172] C4=[24.216035842895508, 203.07791137695312] combined=[24.216035842895508, 203.07791137695312]
2026-09-24 21:48:33,889 Tensor shapes: train=(630, 6, 128, 128) expected C6 test=[221, 6, 128, 128]
2026-09-24 21:48:33,889 Normalization mean=[0.14578767120838165, 0.12198133021593094, 0.11441386491060257, 0.005258434452116489, 0.004921784158796072, 0.005242453888058662] std=[0.4551697373390198, 0.33262041211128235, 0.38503599166870117, 0.006077534984797239, 0.006272889208048582, 0.006465498358011246]
2026-09-24 21:48:43,626 Epoch 1/50 Train-MSE Loss: 10486.574436
2026-09-24 21:48:52,899 Epoch 2/50 Train-MSE Loss: 8942.617350
2026-09-24 21:49:01,711 Epoch 3/50 Train-MSE Loss: 8030.784885
2026-09-24 21:49:10,195 Epoch 4/50 Train-MSE Loss: 6764.691352
2026-09-24 21:49:18,832 Epoch 5/50 Train-MSE Loss: 5866.307237
2026-09-24 21:49:27,793 Epoch 6/50 Train-MSE Loss: 4793.460883
2026-09-24 21:49:36,901 Epoch 7/50 Train-MSE Loss: 3926.712131
2026-09-24 21:49:46,104 Epoch 8/50 Train-MSE Loss: 2913.786648
2026-09-24 21:49:55,213 Epoch 9/50 Train-MSE Loss: 2100.967990
2026-09-24 21:50:04,266 Epoch 10/50 Train-MSE Loss: 1440.220554
2026-09-24 21:50:13,340 Epoch 11/50 Train-MSE Loss: 922.074456
2026-09-24 21:50:22,272 Epoch 12/50 Train-MSE Loss: 567.514282
2026-09-24 21:50:31,313 Epoch 13/50 Train-MSE Loss: 331.926205
2026-09-24 21:50:40,337 Epoch 14/50 Train-MSE Loss: 174.461600
2026-09-24 21:50:49,417 Epoch 15/50 Train-MSE Loss: 118.352483
2026-09-24 21:50:58,396 Epoch 16/50 Train-MSE Loss: 69.434975
2026-09-24 21:51:07,440 Epoch 17/50 Train-MSE Loss: 48.169398
2026-09-24 21:51:16,432 Epoch 18/50 Train-MSE Loss: 18.397469
2026-09-24 21:51:25,403 Epoch 19/50 Train-MSE Loss: 23.438016
2026-09-24 21:51:34,345 Epoch 20/50 Train-MSE Loss: 28.009634
2026-09-24 21:51:43,200 Epoch 21/50 Train-MSE Loss: 20.354033
2026-09-24 21:51:52,375 Epoch 22/50 Train-MSE Loss: 15.864092
2026-09-24 21:52:01,445 Epoch 23/50 Train-MSE Loss: 22.500423
2026-09-24 21:52:10,422 Epoch 24/50 Train-MSE Loss: 7.815841
2026-09-24 21:52:19,293 Epoch 25/50 Train-MSE Loss: 34.188887
2026-09-24 21:52:28,304 Epoch 26/50 Train-MSE Loss: 33.539908
2026-09-24 21:52:37,275 Epoch 27/50 Train-MSE Loss: 35.584457
2026-09-24 21:52:46,360 Epoch 28/50 Train-MSE Loss: 30.925192
2026-09-24 21:52:55,487 Epoch 29/50 Train-MSE Loss: 31.582162
2026-09-24 21:53:04,492 Epoch 30/50 Train-MSE Loss: 25.003198
2026-09-24 21:53:13,640 Epoch 31/50 Train-MSE Loss: 25.317428
2026-09-24 21:53:22,640 Epoch 32/50 Train-MSE Loss: 24.980064
2026-09-24 21:53:31,523 Epoch 33/50 Train-MSE Loss: 30.726181
2026-09-24 21:53:40,469 Epoch 34/50 Train-MSE Loss: 33.973069
2026-09-24 21:53:49,566 Epoch 35/50 Train-MSE Loss: 17.865400
2026-09-24 21:53:58,698 Epoch 36/50 Train-MSE Loss: 11.261343
2026-09-24 21:54:07,692 Epoch 37/50 Train-MSE Loss: 24.925877
2026-09-24 21:54:16,777 Epoch 38/50 Train-MSE Loss: 20.947314
2026-09-24 21:54:25,746 Epoch 39/50 Train-MSE Loss: 23.236400
2026-09-24 21:54:34,782 Epoch 40/50 Train-MSE Loss: 29.613727
2026-09-24 21:54:43,872 Epoch 41/50 Train-MSE Loss: 28.416346
2026-09-24 21:54:52,882 Epoch 42/50 Train-MSE Loss: 19.853390
2026-09-24 21:55:01,999 Epoch 43/50 Train-MSE Loss: 13.900560
2026-09-24 21:55:11,074 Epoch 44/50 Train-MSE Loss: 34.077308
2026-09-24 21:55:20,415 Epoch 45/50 Train-MSE Loss: 26.267989
2026-09-24 21:55:29,597 Epoch 46/50 Train-MSE Loss: 22.438553
2026-09-24 21:55:38,708 Epoch 47/50 Train-MSE Loss: 13.912487
2026-09-24 21:55:47,860 Epoch 48/50 Train-MSE Loss: 14.548981
2026-09-24 21:55:56,939 Epoch 49/50 Train-MSE Loss: 32.667943
2026-09-24 21:56:05,959 Epoch 50/50 Train-MSE Loss: 11.660555
2026-09-24 21:56:06,001 Saved final epoch 50 weights: artifacts\C1C4_to_C6_source_only_seed42\epoch50.pth
2026-09-24 21:56:13,374 Predicted C6 suffix: 64/221
2026-09-24 21:56:21,469 Predicted C6 suffix: 128/221
2026-09-24 21:56:29,652 Predicted C6 suffix: 192/221
2026-09-24 21:56:33,337 Predicted C6 suffix: 221/221
2026-09-24 21:56:33,349 C6 suffix metrics from final epoch: {'MAE': 23.021984388074447, 'RMSE': 25.3971154668912, 'R2': 0.43453161414127406, 'MAPE_percent': 15.477880103344862}
2026-09-24 21:56:33,349 Independent prediction CSV recomputation: {'MAE': 23.021984388074447, 'RMSE': 25.3971154668912, 'R2': 0.43453161414127406, 'MAPE_percent': 15.477880103344862}
