Start norm=minmax c6->c4 seed=43
Start source_only c6->c4 seed=43 init_sha256=96faf07f9c746309bc7074a67eb7c81d643a13c859613ef4c885efa350234658
source_only epoch=1/50 source_MSE=17441.237305 gram=0.000000 source_order_sha256=539e80195b2f14026ec86d86537d720b6d259565890ee2e531527dc0fa123cb1 target_unique=0
source_only epoch=2/50 source_MSE=15958.015820 gram=0.000000 source_order_sha256=d6ef35ea5b7a94352550a780913a54e3c247002e2872fc027e7f9d55bc205bbb target_unique=0
source_only epoch=3/50 source_MSE=15117.629297 gram=0.000000 source_order_sha256=7afb4552282d8c8fa0c8e75fbf952fd6de5c6cd88e7e8cb31b12207a0fc7f494 target_unique=0
source_only epoch=4/50 source_MSE=14345.355078 gram=0.000000 source_order_sha256=fa178434bc9deecfee6405aef03b8291afa7415ec358855f05ea45102e81ad8d target_unique=0
source_only epoch=5/50 source_MSE=13576.151367 gram=0.000000 source_order_sha256=5e164424c6e68214a39cabc634757f9cf4891255e93455eec44d3a4daa8268d2 target_unique=0
source_only epoch=6/50 source_MSE=12781.475391 gram=0.000000 source_order_sha256=54014b36755c60cc5ed4c70b88ff4424d7f3399b25fee900dd9219bdd8d01ccf target_unique=0
source_only epoch=7/50 source_MSE=11997.262109 gram=0.000000 source_order_sha256=c11bf88820e7a58c1abdcf342b0065e659924b3c315efb167ce15b652a661157 target_unique=0
source_only epoch=8/50 source_MSE=11177.072461 gram=0.000000 source_order_sha256=4181dfb43f992c4a06146e9614d0cbfd198a5ccad2b05553393e570fd2d31e7c target_unique=0
source_only epoch=9/50 source_MSE=10325.686133 gram=0.000000 source_order_sha256=bfa578d5160e2ee400e2951c7a467294fbef2735ad25f7d9269abb2d54998854 target_unique=0
source_only epoch=10/50 source_MSE=9496.041992 gram=0.000000 source_order_sha256=f9df6b54e1710902e7dc7a8407f5e0235665a9adcd05d0cb5774167618d58497 target_unique=0
source_only epoch=11/50 source_MSE=8647.503320 gram=0.000000 source_order_sha256=6f2bd76d1350f6b6223394f66332f99a5c081f9244049edc16386e8a06040741 target_unique=0
source_only epoch=12/50 source_MSE=7830.238281 gram=0.000000 source_order_sha256=b823650a7f7cf5754b70ff64bc7e0c76990beeedc54e5bd53616c69077afe061 target_unique=0
source_only epoch=13/50 source_MSE=7117.966309 gram=0.000000 source_order_sha256=05f8cbe1caba7add07418c70d86e955749da48365a99b3b04e531098b9c71a96 target_unique=0
source_only epoch=14/50 source_MSE=6261.568652 gram=0.000000 source_order_sha256=12667572e52c498d3dbad9da7dfb9a7cda196484d7521bdc0eb6e896c750924f target_unique=0
source_only epoch=15/50 source_MSE=5545.014648 gram=0.000000 source_order_sha256=3d283f07188e66796b78c70effdc331fef857ffc14a83082a449b9d9b183c1e3 target_unique=0
source_only epoch=16/50 source_MSE=4748.604688 gram=0.000000 source_order_sha256=bf61d05d1aa558b80d1841039e50cdedf9454e17304f9ea67b3224e2c8ee2d06 target_unique=0
source_only epoch=17/50 source_MSE=4048.549414 gram=0.000000 source_order_sha256=14b8f93bfe6644a7ac9d008caf65be69c693bcd19c3920c3a4aeed65e50fcb44 target_unique=0
source_only epoch=18/50 source_MSE=3479.492627 gram=0.000000 source_order_sha256=8fd60e1de19d5f1849ec5e7195d5b81eb6acf0db952647c04be6e6401944f1b6 target_unique=0
source_only epoch=19/50 source_MSE=2917.979346 gram=0.000000 source_order_sha256=8c7ad184b28f1a1d62a29481d69313bc76c48032d383b46cbda4f5b745daafc2 target_unique=0
source_only epoch=20/50 source_MSE=2452.956250 gram=0.000000 source_order_sha256=39c8a8e648b1a18b896b4ad71800ed9efe143f6ca3ca33da6a73d275cca828f9 target_unique=0
source_only epoch=21/50 source_MSE=1984.536768 gram=0.000000 source_order_sha256=013c8064ce031969c0c265a544dfe28453c4a6c2edc3d5fa0dd2fc018b1319e8 target_unique=0
source_only epoch=22/50 source_MSE=1603.502393 gram=0.000000 source_order_sha256=6268792b1eebd4ca1f63598a992f0b25edc352b253248f22b2531416c75d92f8 target_unique=0
source_only epoch=23/50 source_MSE=1310.359839 gram=0.000000 source_order_sha256=beee10ae93d7dd39cd09bd3c612d8b0981fd53ef3d357b9a7ddc13970431f549 target_unique=0
source_only epoch=24/50 source_MSE=1056.631592 gram=0.000000 source_order_sha256=c2826ca971041ea14943dac7135a7186ecc0a75a9fa232468fe32217dafef427 target_unique=0
source_only epoch=25/50 source_MSE=815.779626 gram=0.000000 source_order_sha256=4a59f5611f45bf663fa17739adadbf71e0318d7c226a31110a0523b7b3fbb69e target_unique=0
source_only epoch=26/50 source_MSE=638.206281 gram=0.000000 source_order_sha256=3892a004ee89998c6d27f6fd3cbe301ee031797ffbe083138c3fba4772cec1ba target_unique=0
source_only epoch=27/50 source_MSE=535.173047 gram=0.000000 source_order_sha256=a20ed964add04ddb51aae0987e6a9153777b6dca202114dae162a9627e010899 target_unique=0
source_only epoch=28/50 source_MSE=409.545923 gram=0.000000 source_order_sha256=a1559945e237073de07c30a1546e61979a04de7a0eac2beb615d63cf5ec08219 target_unique=0
source_only epoch=29/50 source_MSE=331.172101 gram=0.000000 source_order_sha256=aa19bd88cffc0a568d2e293e975b9cd7916f42619abeeebbbf65b6f4976ea6a0 target_unique=0
source_only epoch=30/50 source_MSE=207.389139 gram=0.000000 source_order_sha256=b1966dceda9d33aa07e860c4a44569b0ea1b0f31f7aa556fc801f29266be3b05 target_unique=0
source_only epoch=31/50 source_MSE=204.787966 gram=0.000000 source_order_sha256=877fc6559c73bc6728b215bafb376bc1e9772c87a96e86c06dc1e4408b566dd5 target_unique=0
source_only epoch=32/50 source_MSE=169.429138 gram=0.000000 source_order_sha256=ad28e281637b76dbc0342ec0d452d1314f7d33a8d2f33bd25102d55d69233bc7 target_unique=0
source_only epoch=33/50 source_MSE=154.418581 gram=0.000000 source_order_sha256=bba2d40648539aed4c8a556f9125aacb5f06c54924fefe0795796deecace6db1 target_unique=0
source_only epoch=34/50 source_MSE=88.514461 gram=0.000000 source_order_sha256=d35054ccd5975d2d05fe63c9637594cfa660655f27fd0743c41550f87133fc1a target_unique=0
source_only epoch=35/50 source_MSE=58.740265 gram=0.000000 source_order_sha256=14e52c9c732e8ea3bc0443090957f73d5b619d22dc6f07c28121244343c44491 target_unique=0
source_only epoch=36/50 source_MSE=83.766071 gram=0.000000 source_order_sha256=ef32e514c0d482d2437c2e867ade072a1ce38e96d0d21719d7f3a3ad2c99aa95 target_unique=0
source_only epoch=37/50 source_MSE=52.660786 gram=0.000000 source_order_sha256=7d0e00a6ab593ed985877c2bd398d7c047f2a1e99448b6d442e800d41023b3f8 target_unique=0
source_only epoch=38/50 source_MSE=48.723772 gram=0.000000 source_order_sha256=76071b765954ca0fb781276e809df2ea629a884f69aa4c9082cdfb21e307c94f target_unique=0
source_only epoch=39/50 source_MSE=90.258070 gram=0.000000 source_order_sha256=ba7daba61d8c533d04709c6517830527887bd2dfb0b10a4dce62f013d6172ac4 target_unique=0
source_only epoch=40/50 source_MSE=18.278855 gram=0.000000 source_order_sha256=ac5d619c1b52be9946c6783c5c1d4d18df9f8d6988f0eedf47a8358f2d73d09b target_unique=0
source_only epoch=41/50 source_MSE=39.020417 gram=0.000000 source_order_sha256=483263e60ff55979bdfbf5ded3a2399cc4257f0d2ced6fbee8f213677f4aa982 target_unique=0
source_only epoch=42/50 source_MSE=14.021867 gram=0.000000 source_order_sha256=829e52314b41e9ba4571b45d34314913f9f98d0f5363e7c86fab7c8c41a0198a target_unique=0
source_only epoch=43/50 source_MSE=96.985986 gram=0.000000 source_order_sha256=0d5cedff5ae4c887b6007df47594397e6ed6d31eaa45c15c37b4135415e8ca52 target_unique=0
source_only epoch=44/50 source_MSE=110.137377 gram=0.000000 source_order_sha256=fd0939daeab2ee4a377b0db36ef686326d85bfeb84dfab5b8fef2cbf304498fa target_unique=0
source_only epoch=45/50 source_MSE=62.326614 gram=0.000000 source_order_sha256=170be14adc7ea6ef47f65d533b7c2faa3ea88b80a3d0298a05674cc44d16b5c4 target_unique=0
source_only epoch=46/50 source_MSE=41.498934 gram=0.000000 source_order_sha256=ac23b152eac04c95af05f7b453aad90d025363d987f674439bf5002ffa5b5858 target_unique=0
source_only epoch=47/50 source_MSE=39.896037 gram=0.000000 source_order_sha256=b764fb330004077345ccc05e9ada213cadacdf8c6b899cdc6ca9e7ad4b44e6d4 target_unique=0
source_only epoch=48/50 source_MSE=40.019480 gram=0.000000 source_order_sha256=0cac558a3718ec8e5b72247e0340b08c24ad95b196ce8eb890739eb2af1093ac target_unique=0
source_only epoch=49/50 source_MSE=49.057834 gram=0.000000 source_order_sha256=406404fb92f4aad5d2a78fd4ff2d38527bfc4d058c36a2530d17bc9becf36a0b target_unique=0
source_only epoch=50/50 source_MSE=56.718168 gram=0.000000 source_order_sha256=b780ce8227d2bb3cf1653e7aa39d72cf1675583e631d78882555251830271447 target_unique=0
Saved final epoch checkpoint: artifacts\norm_comparison_20260925\minmax\c6_to_c4\seed_43\source_only\final.pth
Start daregram c6->c4 seed=43 init_sha256=96faf07f9c746309bc7074a67eb7c81d643a13c859613ef4c885efa350234658
daregram epoch=1/50 source_MSE=17441.237305 gram=23.587359 source_order_sha256=539e80195b2f14026ec86d86537d720b6d259565890ee2e531527dc0fa123cb1 target_unique=315
daregram epoch=2/50 source_MSE=15958.988867 gram=31.129267 source_order_sha256=d6ef35ea5b7a94352550a780913a54e3c247002e2872fc027e7f9d55bc205bbb target_unique=315
daregram epoch=3/50 source_MSE=15119.297266 gram=19.627309 source_order_sha256=7afb4552282d8c8fa0c8e75fbf952fd6de5c6cd88e7e8cb31b12207a0fc7f494 target_unique=315
daregram epoch=4/50 source_MSE=14345.931836 gram=20.691412 source_order_sha256=fa178434bc9deecfee6405aef03b8291afa7415ec358855f05ea45102e81ad8d target_unique=315
daregram epoch=5/50 source_MSE=13584.201367 gram=59.240111 source_order_sha256=5e164424c6e68214a39cabc634757f9cf4891255e93455eec44d3a4daa8268d2 target_unique=315
daregram epoch=6/50 source_MSE=12793.667383 gram=28.800774 source_order_sha256=54014b36755c60cc5ed4c70b88ff4424d7f3399b25fee900dd9219bdd8d01ccf target_unique=315
daregram epoch=7/50 source_MSE=12011.464453 gram=48.531751 source_order_sha256=c11bf88820e7a58c1abdcf342b0065e659924b3c315efb167ce15b652a661157 target_unique=315
daregram epoch=8/50 source_MSE=11195.781250 gram=32.987232 source_order_sha256=4181dfb43f992c4a06146e9614d0cbfd198a5ccad2b05553393e570fd2d31e7c target_unique=315
daregram epoch=9/50 source_MSE=10362.015039 gram=42.869056 source_order_sha256=bfa578d5160e2ee400e2951c7a467294fbef2735ad25f7d9269abb2d54998854 target_unique=315
daregram epoch=10/50 source_MSE=9516.297656 gram=56.513716 source_order_sha256=f9df6b54e1710902e7dc7a8407f5e0235665a9adcd05d0cb5774167618d58497 target_unique=315
daregram epoch=11/50 source_MSE=8666.967578 gram=65.921105 source_order_sha256=6f2bd76d1350f6b6223394f66332f99a5c081f9244049edc16386e8a06040741 target_unique=315
daregram epoch=12/50 source_MSE=7840.944629 gram=38.410065 source_order_sha256=b823650a7f7cf5754b70ff64bc7e0c76990beeedc54e5bd53616c69077afe061 target_unique=315
daregram epoch=13/50 source_MSE=7119.962207 gram=33.231917 source_order_sha256=05f8cbe1caba7add07418c70d86e955749da48365a99b3b04e531098b9c71a96 target_unique=315
daregram epoch=14/50 source_MSE=6171.078027 gram=30.861272 source_order_sha256=12667572e52c498d3dbad9da7dfb9a7cda196484d7521bdc0eb6e896c750924f target_unique=315
daregram epoch=15/50 source_MSE=5409.144434 gram=34.790097 source_order_sha256=3d283f07188e66796b78c70effdc331fef857ffc14a83082a449b9d9b183c1e3 target_unique=315
daregram epoch=16/50 source_MSE=4641.105859 gram=20.043109 source_order_sha256=bf61d05d1aa558b80d1841039e50cdedf9454e17304f9ea67b3224e2c8ee2d06 target_unique=315
daregram epoch=17/50 source_MSE=3960.495410 gram=27.885960 source_order_sha256=14b8f93bfe6644a7ac9d008caf65be69c693bcd19c3920c3a4aeed65e50fcb44 target_unique=315
daregram epoch=18/50 source_MSE=3406.946973 gram=20.949259 source_order_sha256=8fd60e1de19d5f1849ec5e7195d5b81eb6acf0db952647c04be6e6401944f1b6 target_unique=315
daregram epoch=19/50 source_MSE=2933.953418 gram=28.459110 source_order_sha256=8c7ad184b28f1a1d62a29481d69313bc76c48032d383b46cbda4f5b745daafc2 target_unique=315
daregram epoch=20/50 source_MSE=2477.142065 gram=35.937097 source_order_sha256=39c8a8e648b1a18b896b4ad71800ed9efe143f6ca3ca33da6a73d275cca828f9 target_unique=315
daregram epoch=21/50 source_MSE=2033.917993 gram=25.457595 source_order_sha256=013c8064ce031969c0c265a544dfe28453c4a6c2edc3d5fa0dd2fc018b1319e8 target_unique=315
daregram epoch=22/50 source_MSE=1689.263818 gram=9.575487 source_order_sha256=6268792b1eebd4ca1f63598a992f0b25edc352b253248f22b2531416c75d92f8 target_unique=315
daregram epoch=23/50 source_MSE=1354.775952 gram=17.253985 source_order_sha256=beee10ae93d7dd39cd09bd3c612d8b0981fd53ef3d357b9a7ddc13970431f549 target_unique=315
daregram epoch=24/50 source_MSE=1036.146790 gram=19.977818 source_order_sha256=c2826ca971041ea14943dac7135a7186ecc0a75a9fa232468fe32217dafef427 target_unique=315
daregram epoch=25/50 source_MSE=808.799036 gram=18.568923 source_order_sha256=4a59f5611f45bf663fa17739adadbf71e0318d7c226a31110a0523b7b3fbb69e target_unique=315
daregram epoch=26/50 source_MSE=655.213654 gram=20.060632 source_order_sha256=3892a004ee89998c6d27f6fd3cbe301ee031797ffbe083138c3fba4772cec1ba target_unique=315
daregram epoch=27/50 source_MSE=510.494418 gram=15.703910 source_order_sha256=a20ed964add04ddb51aae0987e6a9153777b6dca202114dae162a9627e010899 target_unique=315
daregram epoch=28/50 source_MSE=370.555667 gram=18.456828 source_order_sha256=a1559945e237073de07c30a1546e61979a04de7a0eac2beb615d63cf5ec08219 target_unique=315
daregram epoch=29/50 source_MSE=309.055530 gram=13.564738 source_order_sha256=aa19bd88cffc0a568d2e293e975b9cd7916f42619abeeebbbf65b6f4976ea6a0 target_unique=315
daregram epoch=30/50 source_MSE=201.230789 gram=11.967697 source_order_sha256=b1966dceda9d33aa07e860c4a44569b0ea1b0f31f7aa556fc801f29266be3b05 target_unique=315
daregram epoch=31/50 source_MSE=196.544728 gram=8.240361 source_order_sha256=877fc6559c73bc6728b215bafb376bc1e9772c87a96e86c06dc1e4408b566dd5 target_unique=315
daregram epoch=32/50 source_MSE=141.010938 gram=4.262849 source_order_sha256=ad28e281637b76dbc0342ec0d452d1314f7d33a8d2f33bd25102d55d69233bc7 target_unique=315
daregram epoch=33/50 source_MSE=139.740710 gram=11.741833 source_order_sha256=bba2d40648539aed4c8a556f9125aacb5f06c54924fefe0795796deecace6db1 target_unique=315
daregram epoch=34/50 source_MSE=78.939500 gram=14.215285 source_order_sha256=d35054ccd5975d2d05fe63c9637594cfa660655f27fd0743c41550f87133fc1a target_unique=315
daregram epoch=35/50 source_MSE=51.905010 gram=9.202699 source_order_sha256=14e52c9c732e8ea3bc0443090957f73d5b619d22dc6f07c28121244343c44491 target_unique=315
daregram epoch=36/50 source_MSE=82.201089 gram=14.303249 source_order_sha256=ef32e514c0d482d2437c2e867ade072a1ce38e96d0d21719d7f3a3ad2c99aa95 target_unique=315
daregram epoch=37/50 source_MSE=55.697256 gram=11.928480 source_order_sha256=7d0e00a6ab593ed985877c2bd398d7c047f2a1e99448b6d442e800d41023b3f8 target_unique=315
daregram epoch=38/50 source_MSE=48.742210 gram=6.643868 source_order_sha256=76071b765954ca0fb781276e809df2ea629a884f69aa4c9082cdfb21e307c94f target_unique=315
daregram epoch=39/50 source_MSE=95.653231 gram=7.555401 source_order_sha256=ba7daba61d8c533d04709c6517830527887bd2dfb0b10a4dce62f013d6172ac4 target_unique=315
daregram epoch=40/50 source_MSE=39.276456 gram=16.492005 source_order_sha256=ac5d619c1b52be9946c6783c5c1d4d18df9f8d6988f0eedf47a8358f2d73d09b target_unique=315
daregram epoch=41/50 source_MSE=50.958273 gram=19.538136 source_order_sha256=483263e60ff55979bdfbf5ded3a2399cc4257f0d2ced6fbee8f213677f4aa982 target_unique=315
daregram epoch=42/50 source_MSE=14.456295 gram=3.588713 source_order_sha256=829e52314b41e9ba4571b45d34314913f9f98d0f5363e7c86fab7c8c41a0198a target_unique=315
daregram epoch=43/50 source_MSE=106.931722 gram=12.549777 source_order_sha256=0d5cedff5ae4c887b6007df47594397e6ed6d31eaa45c15c37b4135415e8ca52 target_unique=315
daregram epoch=44/50 source_MSE=126.659709 gram=15.918979 source_order_sha256=fd0939daeab2ee4a377b0db36ef686326d85bfeb84dfab5b8fef2cbf304498fa target_unique=315
daregram epoch=45/50 source_MSE=56.097320 gram=13.577557 source_order_sha256=170be14adc7ea6ef47f65d533b7c2faa3ea88b80a3d0298a05674cc44d16b5c4 target_unique=315
daregram epoch=46/50 source_MSE=26.455138 gram=7.790429 source_order_sha256=ac23b152eac04c95af05f7b453aad90d025363d987f674439bf5002ffa5b5858 target_unique=315
daregram epoch=47/50 source_MSE=42.072625 gram=10.433984 source_order_sha256=b764fb330004077345ccc05e9ada213cadacdf8c6b899cdc6ca9e7ad4b44e6d4 target_unique=315
daregram epoch=48/50 source_MSE=28.902682 gram=4.705794 source_order_sha256=0cac558a3718ec8e5b72247e0340b08c24ad95b196ce8eb890739eb2af1093ac target_unique=315
daregram epoch=49/50 source_MSE=47.830331 gram=12.174546 source_order_sha256=406404fb92f4aad5d2a78fd4ff2d38527bfc4d058c36a2530d17bc9becf36a0b target_unique=315
daregram epoch=50/50 source_MSE=60.046633 gram=6.477040 source_order_sha256=b780ce8227d2bb3cf1653e7aa39d72cf1675583e631d78882555251830271447 target_unique=315
Saved final epoch checkpoint: artifacts\norm_comparison_20260925\minmax\c6_to_c4\seed_43\daregram\final.pth
Completed norm=minmax c6->c4 seed=43: {'source_only': {'MAE': 16.05629508608864, 'RMSE': 24.02493190415292, 'R2': 0.5987308260725168, 'MAPE_percent': 13.58024398140427}, 'daregram': {'MAE': 17.28772912403894, 'RMSE': 18.29850732291291, 'R2': 0.7672215374473745, 'MAPE_percent': 19.85205853554242}}
