2026-09-25 10:13:23,131 Audited C1 NPZ rows: 50/315
2026-09-25 10:13:28,936 Audited C1 NPZ rows: 100/315
2026-09-25 10:13:34,866 Audited C1 NPZ rows: 150/315
2026-09-25 10:13:41,105 Audited C1 NPZ rows: 200/315
2026-09-25 10:13:46,953 Audited C1 NPZ rows: 250/315
2026-09-25 10:13:52,173 Audited C1 NPZ rows: 300/315
2026-09-25 10:13:53,599 Audited C1 NPZ rows: 315/315
2026-09-25 10:13:58,933 Audited C4 NPZ rows: 50/315
2026-09-25 10:14:03,603 Audited C4 NPZ rows: 100/315
2026-09-25 10:14:08,420 Audited C4 NPZ rows: 150/315
2026-09-25 10:14:13,532 Audited C4 NPZ rows: 200/315
2026-09-25 10:14:18,296 Audited C4 NPZ rows: 250/315
2026-09-25 10:14:23,054 Audited C4 NPZ rows: 300/315
2026-09-25 10:14:24,656 Audited C4 NPZ rows: 315/315
2026-09-25 10:14:56,886 Source samples: C1=315 C4=315 combined=630
2026-09-25 10:14:56,886 Transductive UDA; C6 unlabeled target cuts: [1, 2, 3, 4, 5, 6, 7, 8, 9, 10, 11, 12, 13, 14, 15, 16, 17, 18, 19, 20, 21, 22, 23, 24, 25, 26, 27, 28, 29, 30, 31, 32, 33, 34, 35, 36, 37, 38, 39, 40, 41, 42, 43, 44, 45, 46, 47, 48, 49, 50, 51, 52, 53, 54, 55, 56, 57, 58, 59, 60, 61, 62, 63, 64, 65, 66, 67, 68, 69, 70, 71, 72, 73, 74, 75, 76, 77, 78, 79, 80, 81, 82, 83, 84, 85, 86, 87, 88, 89, 90, 91, 92, 93, 94, 95, 96, 97, 98, 99, 100, 101, 102, 103, 104, 105, 106, 107, 108, 109, 110, 111, 112, 113, 114, 115, 116, 117, 118, 119, 120, 121, 122, 123, 124, 125, 126, 127, 128, 129, 130, 131, 132, 133, 134, 135, 136, 137, 138, 139, 140, 141, 142, 143, 144, 145, 146, 147, 148, 149, 150, 151, 152, 153, 154, 155, 156, 157, 158, 159, 160, 161, 162, 163, 164, 165, 166, 167, 168, 169, 170, 171, 172, 173, 174, 175, 176, 177, 178, 179, 180, 181, 182, 183, 184, 185, 186, 187, 188, 189, 190, 191, 192, 193, 194, 195, 196, 197, 198, 199, 200, 201, 202, 203, 204, 205, 206, 207, 208, 209, 210, 211, 212, 213, 214, 215, 216, 217, 218, 219, 220, 221, 222, 223, 224, 225, 226, 227, 228, 229, 230, 231, 232, 233, 234, 235, 236, 237, 238, 239, 240, 241, 242, 243, 244, 245, 246, 247, 248, 249, 250, 251, 252, 253, 254, 255, 256, 257, 258, 259, 260, 261, 262, 263, 264, 265, 266, 267, 268, 269, 270, 271, 272, 273, 274, 275, 276, 277, 278, 279, 280, 281, 282, 283, 284, 285, 286, 287, 288, 289, 290, 291, 292, 293, 294, 295, 296, 297, 298, 299, 300, 301, 302, 303, 304, 305, 306, 307, 308, 309, 310, 311, 312, 313, 314, 315]
2026-09-25 10:14:56,886 C6 fixed suffix test cuts: [95, 96, 97, 98, 99, 100, 101, 102, 103, 104, 105, 106, 107, 108, 109, 110, 111, 112, 113, 114, 115, 116, 117, 118, 119, 120, 121, 122, 123, 124, 125, 126, 127, 128, 129, 130, 131, 132, 133, 134, 135, 136, 137, 138, 139, 140, 141, 142, 143, 144, 145, 146, 147, 148, 149, 150, 151, 152, 153, 154, 155, 156, 157, 158, 159, 160, 161, 162, 163, 164, 165, 166, 167, 168, 169, 170, 171, 172, 173, 174, 175, 176, 177, 178, 179, 180, 181, 182, 183, 184, 185, 186, 187, 188, 189, 190, 191, 192, 193, 194, 195, 196, 197, 198, 199, 200, 201, 202, 203, 204, 205, 206, 207, 208, 209, 210, 211, 212, 213, 214, 215, 216, 217, 218, 219, 220, 221, 222, 223, 224, 225, 226, 227, 228, 229, 230, 231, 232, 233, 234, 235, 236, 237, 238, 239, 240, 241, 242, 243, 244, 245, 246, 247, 248, 249, 250, 251, 252, 253, 254, 255, 256, 257, 258, 259, 260, 261, 262, 263, 264, 265, 266, 267, 268, 269, 270, 271, 272, 273, 274, 275, 276, 277, 278, 279, 280, 281, 282, 283, 284, 285, 286, 287, 288, 289, 290, 291, 292, 293, 294, 295, 296, 297, 298, 299, 300, 301, 302, 303, 304, 305, 306, 307, 308, 309, 310, 311, 312, 313, 314, 315]
2026-09-25 10:14:56,886 Source label ranges: C1=[39.64352035522461, 165.1724090576172] C4=[24.216035842895508, 203.07791137695312] combined=[24.216035842895508, 203.07791137695312]
2026-09-25 10:14:56,886 Tensor shapes: source=(630, 6, 128, 128) full unlabeled target=(315, 6, 128, 128) expected C6 test=[221, 6, 128, 128]
2026-09-25 10:14:56,887 C1+C4 normalization equals source-only: mean=[0.14578767120838165, 0.12198133021593094, 0.11441386491060257, 0.005258434452116489, 0.004921784158796072, 0.005242453888058662] std=[0.4551697373390198, 0.33262041211128235, 0.38503599166870117, 0.006077534984797239, 0.006272889208048582, 0.006465498358011246]
2026-09-25 10:14:57,139 Initial model SHA256: 791e81a865208ac373d2a6f5c599e792686145eddafbc4ef215d7b4890f983ae (matches reconstructed source-only)
