Start norm=zscore c4->c6 seed=44
Start source_only c4->c6 seed=44 init_sha256=89dfa364cd019ad173319c7a8f775c661ec83f1938e80b69a1848714796075c4
source_only epoch=1/50 source_MSE=11018.880273 gram=0.000000 source_order_sha256=59bfcbf6051bd926f7f3785471f455c49b4b10a74bfe01e32c1d67682c63dc4f target_unique=0
source_only epoch=2/50 source_MSE=9801.813477 gram=0.000000 source_order_sha256=0ac560bfcb444211037a9a7d59aed95f3919c2bf54a14d9e4145b228437420d4 target_unique=0
source_only epoch=3/50 source_MSE=9137.083594 gram=0.000000 source_order_sha256=db748945ab47cb5cfa2e71f3bc2d7299e7541c35081174abd78d403135977eba target_unique=0
source_only epoch=4/50 source_MSE=8495.840234 gram=0.000000 source_order_sha256=1582ef3106a15a344390e2abd10ca5ed8f72a4d37449c7babee3238f7547edb4 target_unique=0
source_only epoch=5/50 source_MSE=7921.966797 gram=0.000000 source_order_sha256=080734e2c6419fa2f45cb3fc366d77af252f8393ff69cff18e66ee20946a75bc target_unique=0
source_only epoch=6/50 source_MSE=7275.452734 gram=0.000000 source_order_sha256=a66d204c747a526a7505a23383f5a424406aafe9772c33b27211e085c531231e target_unique=0
source_only epoch=7/50 source_MSE=6767.902441 gram=0.000000 source_order_sha256=cf51679d1d44835535bf8ed948dcb3bd8c77bffe971c9c54c8e3fdd1b7c03558 target_unique=0
source_only epoch=8/50 source_MSE=6117.306934 gram=0.000000 source_order_sha256=47f50d37548c2abcb38aeb5d81933b5268f60e6dfc5152c19eb8afa9422fef89 target_unique=0
source_only epoch=9/50 source_MSE=5561.082910 gram=0.000000 source_order_sha256=9694a6b88426d6ca65830e51ea075104b8b7b994587790e9311a50a3e13cc017 target_unique=0
source_only epoch=10/50 source_MSE=4915.972461 gram=0.000000 source_order_sha256=7c950da3a5093c62a5770637e0866c5d16d734121906f4eb33e704848df3be26 target_unique=0
source_only epoch=11/50 source_MSE=4307.852881 gram=0.000000 source_order_sha256=4cba05bc77c379eb900c7b60ba56f43181c22900189067e2e791f7825b766545 target_unique=0
source_only epoch=12/50 source_MSE=3827.686670 gram=0.000000 source_order_sha256=77d2ac0c000a842ae8d8d374584cd7a1eae83492b895c237914af8a34acf9752 target_unique=0
source_only epoch=13/50 source_MSE=3375.358203 gram=0.000000 source_order_sha256=ff0984b65c36d66b08aeb3407e12b6e7c5e8df2ad7e3576a44c666ef0b901a97 target_unique=0
source_only epoch=14/50 source_MSE=2777.972070 gram=0.000000 source_order_sha256=bfe8d8a2be0262f550bcc748c645505bce7273fc4129f6e58a29cd47b2f360d8 target_unique=0
source_only epoch=15/50 source_MSE=2344.669116 gram=0.000000 source_order_sha256=ccf25dc73854445fee3eff0c68c8e2a5ba22bdaa9393427a709526967666fc6d target_unique=0
source_only epoch=16/50 source_MSE=1910.677954 gram=0.000000 source_order_sha256=4a1bb914bc57fa90cc02cacb1af8ba55394309842d7049084e9a26227e07d596 target_unique=0
source_only epoch=17/50 source_MSE=1591.452466 gram=0.000000 source_order_sha256=a46d915f1b0146484e1e3cd9cc10f6d6f3d78a743b275bcaaa50b31264bca9cf target_unique=0
source_only epoch=18/50 source_MSE=1259.336499 gram=0.000000 source_order_sha256=38e994fecfede5c7c6f41ba8e6388ce2760c7240ffab0316fa129b9ba444fda8 target_unique=0
source_only epoch=19/50 source_MSE=951.118066 gram=0.000000 source_order_sha256=04e599520815e51951d81d4d24e2a7875feb53a2094c3677ea93ccdf3994ac80 target_unique=0
source_only epoch=20/50 source_MSE=790.024792 gram=0.000000 source_order_sha256=de5fd97bb30894179b3cfd7cdb16b19c9f09491d3bcd4042e878f3421dc40c3d target_unique=0
source_only epoch=21/50 source_MSE=600.869165 gram=0.000000 source_order_sha256=1b882e7da9f3c105e8cbcb5363706b7d3967ad0f366ff45e96a5044aa7fc28ce target_unique=0
source_only epoch=22/50 source_MSE=550.913629 gram=0.000000 source_order_sha256=97417e0867d404037a07a78ca83dea596428245191207d2b1aee4c2cab2f446b target_unique=0
source_only epoch=23/50 source_MSE=405.160486 gram=0.000000 source_order_sha256=786697b0ecfaf0de92a7b8aa2e7c3da62253a8f7dc13e32119d64529da4245f2 target_unique=0
source_only epoch=24/50 source_MSE=290.121246 gram=0.000000 source_order_sha256=f6f69b2cb88fcfec4ce16239a3e3f99117ae938034a07bafe5a83c6fbb3d00ef target_unique=0
source_only epoch=25/50 source_MSE=176.526231 gram=0.000000 source_order_sha256=f30f6f7bdafe8c7d85245649c32b28dce7531c872bf82d5003175a733f191fc1 target_unique=0
source_only epoch=26/50 source_MSE=142.074318 gram=0.000000 source_order_sha256=9c4c12430b8b983a23b015eb88d9acb15a68160b2b76b3e5a48afb74667637af target_unique=0
source_only epoch=27/50 source_MSE=131.864483 gram=0.000000 source_order_sha256=91028039ca81432afa4f8e92dc2c66cc6bb927b03e89dd1d6ac22012595b7df3 target_unique=0
source_only epoch=28/50 source_MSE=78.419997 gram=0.000000 source_order_sha256=d689825f6f08757dda6e3ad569687251d2ee91585d1fcf22c0d1a335409a12ee target_unique=0
source_only epoch=29/50 source_MSE=96.859719 gram=0.000000 source_order_sha256=cd685e0666a14a81ffdca359777ec83d12a0897d6785501cb3d57bde2e5b0078 target_unique=0
source_only epoch=30/50 source_MSE=61.189890 gram=0.000000 source_order_sha256=14e8d20d6a62e085b251215652479aa7e93108f7823be09a65c7c4fb61382a63 target_unique=0
source_only epoch=31/50 source_MSE=78.273356 gram=0.000000 source_order_sha256=825c68c2cc8fb233306c23f931f2dd69bbe34849326b573bc22a21a0aa495100 target_unique=0
source_only epoch=32/50 source_MSE=24.837794 gram=0.000000 source_order_sha256=bc5bbb79413fec48b46bdad14da01be62d8598fd0f20889daa9540e6dfad00f8 target_unique=0
source_only epoch=33/50 source_MSE=104.551347 gram=0.000000 source_order_sha256=0eb1804a2dbcd64afa1c7cfe22eff0def5e444a40ef3a7bc30bbb1167608fd91 target_unique=0
source_only epoch=34/50 source_MSE=72.944135 gram=0.000000 source_order_sha256=57b75c4082570155702a684f516fd0f1b6b0bc090f81d4d175c738e36d3f9a7c target_unique=0
source_only epoch=35/50 source_MSE=52.562810 gram=0.000000 source_order_sha256=719a401b4e74a3a2e427da255f507743b77e550e34c9410f57b9e129e8cf3d80 target_unique=0
source_only epoch=36/50 source_MSE=47.822735 gram=0.000000 source_order_sha256=0faa198d53a6e97178d4db2e1430bec3b859cb58bac53ab3c0421aa264f4ff63 target_unique=0
source_only epoch=37/50 source_MSE=45.878242 gram=0.000000 source_order_sha256=18f168ed60342aae13340285db598369fdb37ad3e7282d2d8aed149620ef5ee5 target_unique=0
source_only epoch=38/50 source_MSE=33.416285 gram=0.000000 source_order_sha256=777e0afb2f89f539c49283805b41fff13cded9522df0fe0cf3dce6e13bd6883a target_unique=0
source_only epoch=39/50 source_MSE=40.262004 gram=0.000000 source_order_sha256=e61f1a07c527242059de0223d97a1599158e32ecadb43d33b0c1608c7a535230 target_unique=0
source_only epoch=40/50 source_MSE=16.822164 gram=0.000000 source_order_sha256=feefeb0c6281d3cf4c56116b93aafeeedcc9eb0b7c1182af3b83a3bbddd291c0 target_unique=0
source_only epoch=41/50 source_MSE=29.220830 gram=0.000000 source_order_sha256=da39e997627fd9df15e35f453ee5afc648418a6e2e5b43be7f6a0d3d85778615 target_unique=0
source_only epoch=42/50 source_MSE=17.309414 gram=0.000000 source_order_sha256=86a04d9ecafc9ea121a41b1fc57cbe2b4803235922772183f6c093397395e72b target_unique=0
source_only epoch=43/50 source_MSE=25.737261 gram=0.000000 source_order_sha256=43938ced2426fc5b171f3f093562d9e44ab35152ce2e8599df6a101b4a24e7f3 target_unique=0
source_only epoch=44/50 source_MSE=10.699564 gram=0.000000 source_order_sha256=980c3b10764cfe66bd75d55694b18d6228528012da2c04821f9724905356bb8f target_unique=0
source_only epoch=45/50 source_MSE=22.563692 gram=0.000000 source_order_sha256=237ee7c8cb3463980d67fb4e2ce4ee168d6fe92902602fa8c9a0d20755c0754b target_unique=0
source_only epoch=46/50 source_MSE=12.671173 gram=0.000000 source_order_sha256=bf28b1ffddd77c42143a382643f655ea9fd8519980f940abda893793edb32d6b target_unique=0
source_only epoch=47/50 source_MSE=13.406926 gram=0.000000 source_order_sha256=a1269fc3ab53234a64756ce67a14521ef4043e6ed3a802b2fd8469015902b660 target_unique=0
source_only epoch=48/50 source_MSE=13.798479 gram=0.000000 source_order_sha256=113f46106983c073d92c17f0c31b3b6733bd68a8e7b02b9a85e8bc435614e3a5 target_unique=0
source_only epoch=49/50 source_MSE=24.394818 gram=0.000000 source_order_sha256=02879090ebe325b33e9efff035dd12e9259b3c2645620fe3d977511325887cc1 target_unique=0
source_only epoch=50/50 source_MSE=27.698846 gram=0.000000 source_order_sha256=9e96f322765122531801b69ea9eb5473d8e580d44633423ff353d2d37c6aae0e target_unique=0
Saved final epoch checkpoint: artifacts\norm_comparison_20260925\zscore\c4_to_c6\seed_44\source_only\final.pth
Start daregram c4->c6 seed=44 init_sha256=89dfa364cd019ad173319c7a8f775c661ec83f1938e80b69a1848714796075c4
daregram epoch=1/50 source_MSE=11018.880273 gram=22.159133 source_order_sha256=59bfcbf6051bd926f7f3785471f455c49b4b10a74bfe01e32c1d67682c63dc4f target_unique=315
daregram epoch=2/50 source_MSE=9802.737695 gram=56.112185 source_order_sha256=0ac560bfcb444211037a9a7d59aed95f3919c2bf54a14d9e4145b228437420d4 target_unique=315
daregram epoch=3/50 source_MSE=9143.076563 gram=50.297954 source_order_sha256=db748945ab47cb5cfa2e71f3bc2d7299e7541c35081174abd78d403135977eba target_unique=315
daregram epoch=4/50 source_MSE=8500.577051 gram=53.746652 source_order_sha256=1582ef3106a15a344390e2abd10ca5ed8f72a4d37449c7babee3238f7547edb4 target_unique=315
daregram epoch=5/50 source_MSE=7934.587207 gram=39.335739 source_order_sha256=080734e2c6419fa2f45cb3fc366d77af252f8393ff69cff18e66ee20946a75bc target_unique=315
daregram epoch=6/50 source_MSE=7290.064062 gram=55.561097 source_order_sha256=a66d204c747a526a7505a23383f5a424406aafe9772c33b27211e085c531231e target_unique=315
daregram epoch=7/50 source_MSE=6772.846777 gram=82.851444 source_order_sha256=cf51679d1d44835535bf8ed948dcb3bd8c77bffe971c9c54c8e3fdd1b7c03558 target_unique=315
daregram epoch=8/50 source_MSE=6158.070020 gram=47.526678 source_order_sha256=47f50d37548c2abcb38aeb5d81933b5268f60e6dfc5152c19eb8afa9422fef89 target_unique=315
daregram epoch=9/50 source_MSE=5563.498340 gram=41.712801 source_order_sha256=9694a6b88426d6ca65830e51ea075104b8b7b994587790e9311a50a3e13cc017 target_unique=315
daregram epoch=10/50 source_MSE=4920.966504 gram=46.690380 source_order_sha256=7c950da3a5093c62a5770637e0866c5d16d734121906f4eb33e704848df3be26 target_unique=315
daregram epoch=11/50 source_MSE=4324.921143 gram=22.557780 source_order_sha256=4cba05bc77c379eb900c7b60ba56f43181c22900189067e2e791f7825b766545 target_unique=315
daregram epoch=12/50 source_MSE=3847.340918 gram=41.472058 source_order_sha256=77d2ac0c000a842ae8d8d374584cd7a1eae83492b895c237914af8a34acf9752 target_unique=315
daregram epoch=13/50 source_MSE=3332.510889 gram=47.821881 source_order_sha256=ff0984b65c36d66b08aeb3407e12b6e7c5e8df2ad7e3576a44c666ef0b901a97 target_unique=315
daregram epoch=14/50 source_MSE=2830.664600 gram=51.762702 source_order_sha256=bfe8d8a2be0262f550bcc748c645505bce7273fc4129f6e58a29cd47b2f360d8 target_unique=315
daregram epoch=15/50 source_MSE=2354.601245 gram=25.257950 source_order_sha256=ccf25dc73854445fee3eff0c68c8e2a5ba22bdaa9393427a709526967666fc6d target_unique=315
daregram epoch=16/50 source_MSE=1915.807520 gram=26.542177 source_order_sha256=4a1bb914bc57fa90cc02cacb1af8ba55394309842d7049084e9a26227e07d596 target_unique=315
daregram epoch=17/50 source_MSE=1569.824963 gram=46.713418 source_order_sha256=a46d915f1b0146484e1e3cd9cc10f6d6f3d78a743b275bcaaa50b31264bca9cf target_unique=315
daregram epoch=18/50 source_MSE=1307.901685 gram=38.170413 source_order_sha256=38e994fecfede5c7c6f41ba8e6388ce2760c7240ffab0316fa129b9ba444fda8 target_unique=315
daregram epoch=19/50 source_MSE=968.825000 gram=31.533895 source_order_sha256=04e599520815e51951d81d4d24e2a7875feb53a2094c3677ea93ccdf3994ac80 target_unique=315
daregram epoch=20/50 source_MSE=752.506952 gram=49.179222 source_order_sha256=de5fd97bb30894179b3cfd7cdb16b19c9f09491d3bcd4042e878f3421dc40c3d target_unique=315
daregram epoch=21/50 source_MSE=556.306110 gram=27.695144 source_order_sha256=1b882e7da9f3c105e8cbcb5363706b7d3967ad0f366ff45e96a5044aa7fc28ce target_unique=315
daregram epoch=22/50 source_MSE=420.313080 gram=42.808765 source_order_sha256=97417e0867d404037a07a78ca83dea596428245191207d2b1aee4c2cab2f446b target_unique=315
daregram epoch=23/50 source_MSE=317.587418 gram=51.373455 source_order_sha256=786697b0ecfaf0de92a7b8aa2e7c3da62253a8f7dc13e32119d64529da4245f2 target_unique=315
daregram epoch=24/50 source_MSE=239.699168 gram=38.266630 source_order_sha256=f6f69b2cb88fcfec4ce16239a3e3f99117ae938034a07bafe5a83c6fbb3d00ef target_unique=315
daregram epoch=25/50 source_MSE=181.021674 gram=21.450509 source_order_sha256=f30f6f7bdafe8c7d85245649c32b28dce7531c872bf82d5003175a733f191fc1 target_unique=315
daregram epoch=26/50 source_MSE=162.883553 gram=16.542144 source_order_sha256=9c4c12430b8b983a23b015eb88d9acb15a68160b2b76b3e5a48afb74667637af target_unique=315
daregram epoch=27/50 source_MSE=106.732801 gram=23.857862 source_order_sha256=91028039ca81432afa4f8e92dc2c66cc6bb927b03e89dd1d6ac22012595b7df3 target_unique=315
daregram epoch=28/50 source_MSE=86.628843 gram=34.951952 source_order_sha256=d689825f6f08757dda6e3ad569687251d2ee91585d1fcf22c0d1a335409a12ee target_unique=315
daregram epoch=29/50 source_MSE=69.906694 gram=17.473773 source_order_sha256=cd685e0666a14a81ffdca359777ec83d12a0897d6785501cb3d57bde2e5b0078 target_unique=315
daregram epoch=30/50 source_MSE=54.521195 gram=42.650027 source_order_sha256=14e8d20d6a62e085b251215652479aa7e93108f7823be09a65c7c4fb61382a63 target_unique=315
daregram epoch=31/50 source_MSE=59.793258 gram=17.255666 source_order_sha256=825c68c2cc8fb233306c23f931f2dd69bbe34849326b573bc22a21a0aa495100 target_unique=315
daregram epoch=32/50 source_MSE=19.299884 gram=9.523529 source_order_sha256=bc5bbb79413fec48b46bdad14da01be62d8598fd0f20889daa9540e6dfad00f8 target_unique=315
daregram epoch=33/50 source_MSE=71.254775 gram=23.722550 source_order_sha256=0eb1804a2dbcd64afa1c7cfe22eff0def5e444a40ef3a7bc30bbb1167608fd91 target_unique=315
daregram epoch=34/50 source_MSE=63.910317 gram=18.395985 source_order_sha256=57b75c4082570155702a684f516fd0f1b6b0bc090f81d4d175c738e36d3f9a7c target_unique=315
daregram epoch=35/50 source_MSE=44.258420 gram=12.753615 source_order_sha256=719a401b4e74a3a2e427da255f507743b77e550e34c9410f57b9e129e8cf3d80 target_unique=315
daregram epoch=36/50 source_MSE=41.944576 gram=23.086999 source_order_sha256=0faa198d53a6e97178d4db2e1430bec3b859cb58bac53ab3c0421aa264f4ff63 target_unique=315
daregram epoch=37/50 source_MSE=62.061648 gram=16.078561 source_order_sha256=18f168ed60342aae13340285db598369fdb37ad3e7282d2d8aed149620ef5ee5 target_unique=315
daregram epoch=38/50 source_MSE=34.603157 gram=10.070031 source_order_sha256=777e0afb2f89f539c49283805b41fff13cded9522df0fe0cf3dce6e13bd6883a target_unique=315
daregram epoch=39/50 source_MSE=31.567317 gram=20.951245 source_order_sha256=e61f1a07c527242059de0223d97a1599158e32ecadb43d33b0c1608c7a535230 target_unique=315
daregram epoch=40/50 source_MSE=32.272484 gram=27.549411 source_order_sha256=feefeb0c6281d3cf4c56116b93aafeeedcc9eb0b7c1182af3b83a3bbddd291c0 target_unique=315
daregram epoch=41/50 source_MSE=38.738277 gram=11.438430 source_order_sha256=da39e997627fd9df15e35f453ee5afc648418a6e2e5b43be7f6a0d3d85778615 target_unique=315
daregram epoch=42/50 source_MSE=25.667681 gram=11.741626 source_order_sha256=86a04d9ecafc9ea121a41b1fc57cbe2b4803235922772183f6c093397395e72b target_unique=315
daregram epoch=43/50 source_MSE=28.897643 gram=7.183030 source_order_sha256=43938ced2426fc5b171f3f093562d9e44ab35152ce2e8599df6a101b4a24e7f3 target_unique=315
daregram epoch=44/50 source_MSE=16.468619 gram=14.159365 source_order_sha256=980c3b10764cfe66bd75d55694b18d6228528012da2c04821f9724905356bb8f target_unique=315
daregram epoch=45/50 source_MSE=37.773766 gram=10.622159 source_order_sha256=237ee7c8cb3463980d67fb4e2ce4ee168d6fe92902602fa8c9a0d20755c0754b target_unique=315
daregram epoch=46/50 source_MSE=13.466294 gram=12.880018 source_order_sha256=bf28b1ffddd77c42143a382643f655ea9fd8519980f940abda893793edb32d6b target_unique=315
daregram epoch=47/50 source_MSE=21.263476 gram=11.969661 source_order_sha256=a1269fc3ab53234a64756ce67a14521ef4043e6ed3a802b2fd8469015902b660 target_unique=315
daregram epoch=48/50 source_MSE=23.424697 gram=9.578906 source_order_sha256=113f46106983c073d92c17f0c31b3b6733bd68a8e7b02b9a85e8bc435614e3a5 target_unique=315
daregram epoch=49/50 source_MSE=36.946391 gram=9.624734 source_order_sha256=02879090ebe325b33e9efff035dd12e9259b3c2645620fe3d977511325887cc1 target_unique=315
daregram epoch=50/50 source_MSE=52.146507 gram=10.928428 source_order_sha256=9e96f322765122531801b69ea9eb5473d8e580d44633423ff353d2d37c6aae0e target_unique=315
Saved final epoch checkpoint: artifacts\norm_comparison_20260925\zscore\c4_to_c6\seed_44\daregram\final.pth
Completed norm=zscore c4->c6 seed=44: {'source_only': {'MAE': 18.838924079998584, 'RMSE': 24.09739786832016, 'R2': 0.4909272546121526, 'MAPE_percent': 12.12642252677265}, 'daregram': {'MAE': 13.926275883325085, 'RMSE': 17.281666933424507, 'R2': 0.7381751812650159, 'MAPE_percent': 10.78786443862571}}
