2026-09-25 10:15:35,864 Audited C1 NPZ rows: 50/315
2026-09-25 10:15:40,870 Audited C1 NPZ rows: 100/315
2026-09-25 10:15:45,716 Audited C1 NPZ rows: 150/315
2026-09-25 10:15:50,718 Audited C1 NPZ rows: 200/315
2026-09-25 10:15:55,666 Audited C1 NPZ rows: 250/315
2026-09-25 10:16:00,691 Audited C1 NPZ rows: 300/315
2026-09-25 10:16:02,262 Audited C1 NPZ rows: 315/315
2026-09-25 10:16:07,636 Audited C4 NPZ rows: 50/315
2026-09-25 10:16:12,497 Audited C4 NPZ rows: 100/315
2026-09-25 10:16:17,474 Audited C4 NPZ rows: 150/315
2026-09-25 10:16:22,250 Audited C4 NPZ rows: 200/315
2026-09-25 10:16:26,908 Audited C4 NPZ rows: 250/315
2026-09-25 10:16:31,598 Audited C4 NPZ rows: 300/315
2026-09-25 10:16:32,988 Audited C4 NPZ rows: 315/315
2026-09-25 10:17:03,289 Source samples: C1=315 C4=315 combined=630
2026-09-25 10:17:03,289 Transductive UDA; C6 unlabeled target cuts: [1, 2, 3, 4, 5, 6, 7, 8, 9, 10, 11, 12, 13, 14, 15, 16, 17, 18, 19, 20, 21, 22, 23, 24, 25, 26, 27, 28, 29, 30, 31, 32, 33, 34, 35, 36, 37, 38, 39, 40, 41, 42, 43, 44, 45, 46, 47, 48, 49, 50, 51, 52, 53, 54, 55, 56, 57, 58, 59, 60, 61, 62, 63, 64, 65, 66, 67, 68, 69, 70, 71, 72, 73, 74, 75, 76, 77, 78, 79, 80, 81, 82, 83, 84, 85, 86, 87, 88, 89, 90, 91, 92, 93, 94, 95, 96, 97, 98, 99, 100, 101, 102, 103, 104, 105, 106, 107, 108, 109, 110, 111, 112, 113, 114, 115, 116, 117, 118, 119, 120, 121, 122, 123, 124, 125, 126, 127, 128, 129, 130, 131, 132, 133, 134, 135, 136, 137, 138, 139, 140, 141, 142, 143, 144, 145, 146, 147, 148, 149, 150, 151, 152, 153, 154, 155, 156, 157, 158, 159, 160, 161, 162, 163, 164, 165, 166, 167, 168, 169, 170, 171, 172, 173, 174, 175, 176, 177, 178, 179, 180, 181, 182, 183, 184, 185, 186, 187, 188, 189, 190, 191, 192, 193, 194, 195, 196, 197, 198, 199, 200, 201, 202, 203, 204, 205, 206, 207, 208, 209, 210, 211, 212, 213, 214, 215, 216, 217, 218, 219, 220, 221, 222, 223, 224, 225, 226, 227, 228, 229, 230, 231, 232, 233, 234, 235, 236, 237, 238, 239, 240, 241, 242, 243, 244, 245, 246, 247, 248, 249, 250, 251, 252, 253, 254, 255, 256, 257, 258, 259, 260, 261, 262, 263, 264, 265, 266, 267, 268, 269, 270, 271, 272, 273, 274, 275, 276, 277, 278, 279, 280, 281, 282, 283, 284, 285, 286, 287, 288, 289, 290, 291, 292, 293, 294, 295, 296, 297, 298, 299, 300, 301, 302, 303, 304, 305, 306, 307, 308, 309, 310, 311, 312, 313, 314, 315]
2026-09-25 10:17:03,289 C6 fixed suffix test cuts: [95, 96, 97, 98, 99, 100, 101, 102, 103, 104, 105, 106, 107, 108, 109, 110, 111, 112, 113, 114, 115, 116, 117, 118, 119, 120, 121, 122, 123, 124, 125, 126, 127, 128, 129, 130, 131, 132, 133, 134, 135, 136, 137, 138, 139, 140, 141, 142, 143, 144, 145, 146, 147, 148, 149, 150, 151, 152, 153, 154, 155, 156, 157, 158, 159, 160, 161, 162, 163, 164, 165, 166, 167, 168, 169, 170, 171, 172, 173, 174, 175, 176, 177, 178, 179, 180, 181, 182, 183, 184, 185, 186, 187, 188, 189, 190, 191, 192, 193, 194, 195, 196, 197, 198, 199, 200, 201, 202, 203, 204, 205, 206, 207, 208, 209, 210, 211, 212, 213, 214, 215, 216, 217, 218, 219, 220, 221, 222, 223, 224, 225, 226, 227, 228, 229, 230, 231, 232, 233, 234, 235, 236, 237, 238, 239, 240, 241, 242, 243, 244, 245, 246, 247, 248, 249, 250, 251, 252, 253, 254, 255, 256, 257, 258, 259, 260, 261, 262, 263, 264, 265, 266, 267, 268, 269, 270, 271, 272, 273, 274, 275, 276, 277, 278, 279, 280, 281, 282, 283, 284, 285, 286, 287, 288, 289, 290, 291, 292, 293, 294, 295, 296, 297, 298, 299, 300, 301, 302, 303, 304, 305, 306, 307, 308, 309, 310, 311, 312, 313, 314, 315]
2026-09-25 10:17:03,289 Source label ranges: C1=[39.64352035522461, 165.1724090576172] C4=[24.216035842895508, 203.07791137695312] combined=[24.216035842895508, 203.07791137695312]
2026-09-25 10:17:03,289 Tensor shapes: source=(630, 6, 128, 128) full unlabeled target=(315, 6, 128, 128) expected C6 test=[221, 6, 128, 128]
2026-09-25 10:17:03,289 C1+C4 normalization equals source-only: mean=[0.14578767120838165, 0.12198133021593094, 0.11441386491060257, 0.005258434452116489, 0.004921784158796072, 0.005242453888058662] std=[0.4551697373390198, 0.33262041211128235, 0.38503599166870117, 0.006077534984797239, 0.006272889208048582, 0.006465498358011246]
2026-09-25 10:17:03,520 Initial model SHA256: 791e81a865208ac373d2a6f5c599e792686145eddafbc4ef215d7b4890f983ae (matches reconstructed source-only)
2026-09-25 10:17:23,426 Epoch 1/50 source_MSE=10486.574436 DARE_GRAM_raw=43.633219 weighted_alignment=0.000000 tradeoff=0.000000000 target_draws=576 target_unique=305 source_order_sha256=72c80c530094572be162965463f7e455c090c0f92e781d1b0520b5d3b0396d9a
2026-09-25 10:17:41,687 Epoch 2/50 source_MSE=8944.633301 DARE_GRAM_raw=41.720915 weighted_alignment=4.242522 tradeoff=0.101688124 target_draws=576 target_unique=302 source_order_sha256=e38c101bacf6fdb63f1cfc90e637269ccd029cc3b40ab1dbefc96c9cf533ff2e
2026-09-25 10:18:00,723 Epoch 3/50 source_MSE=8037.661892 DARE_GRAM_raw=34.565029 weighted_alignment=6.957759 tradeoff=0.201294765 target_draws=576 target_unique=300 source_order_sha256=4e5d47657290cbca4264d8e1c4547fa7d0bf70ecf885e362d529972df8d0c689
2026-09-25 10:18:18,888 Epoch 4/50 source_MSE=6783.400933 DARE_GRAM_raw=31.247217 weighted_alignment=9.277469 tradeoff=0.296905447 target_draws=576 target_unique=308 source_order_sha256=ca617cd042452e139c48859ea1282625c3651bd281dc93ecc15c9c457615018a
2026-09-25 10:18:37,313 Epoch 5/50 source_MSE=5868.644314 DARE_GRAM_raw=42.477987 weighted_alignment=16.435243 tradeoff=0.386912017 target_draws=576 target_unique=306 source_order_sha256=3737ef7526fe5e5231a480a67d3d50b2775db50e925799a5a268b9d5748b5bdb
2026-09-25 10:18:55,508 Epoch 6/50 source_MSE=4775.034397 DARE_GRAM_raw=46.484866 weighted_alignment=21.852730 tradeoff=0.470104194 target_draws=576 target_unique=298 source_order_sha256=89b68709b1405a55a012069759744e07dcc56da88a9fa1569a306d35f0785f8d
2026-09-25 10:19:13,929 Epoch 7/50 source_MSE=3901.067518 DARE_GRAM_raw=28.480007 weighted_alignment=15.541694 tradeoff=0.545705410 target_draws=576 target_unique=299 source_order_sha256=7399aefdd2570e5d9e22993abaf213cde0ba82bbcf016f434675f1b9831e4376
2026-09-25 10:19:32,788 Epoch 8/50 source_MSE=2958.985474 DARE_GRAM_raw=46.415583 weighted_alignment=28.469334 tradeoff=0.613357260 target_draws=576 target_unique=310 source_order_sha256=766a6fdb380d022fbfcdea3170f6e96c3d8cb89f60c9fce8d3c5ef69bb99ccf8
2026-09-25 10:19:51,618 Epoch 9/50 source_MSE=2135.677409 DARE_GRAM_raw=22.317829 weighted_alignment=15.021362 tradeoff=0.673065515 target_draws=576 target_unique=304 source_order_sha256=ccbe2fa9dd339adabe1f541cd1fecb08102cb0e8f6503a8ee5c8392f3c7205ba
2026-09-25 10:20:10,456 Epoch 10/50 source_MSE=1477.313165 DARE_GRAM_raw=23.720803 weighted_alignment=17.200526 tradeoff=0.725124135 target_draws=576 target_unique=306 source_order_sha256=4a5d2db3fb8662cd03cab81386e384cc943469e35f8ceaaa99e6ac5f5103eea9
2026-09-25 10:20:28,803 Epoch 11/50 source_MSE=992.034905 DARE_GRAM_raw=27.780367 weighted_alignment=21.391791 tradeoff=0.770032731 target_draws=576 target_unique=299 source_order_sha256=b617a2e89eeed6907bddedf89dfccbb14e14dc79df4327e31f0f9d7bce1399e0
2026-09-25 10:20:47,242 Epoch 12/50 source_MSE=604.816532 DARE_GRAM_raw=24.111638 weighted_alignment=19.492307 tradeoff=0.808419068 target_draws=576 target_unique=305 source_order_sha256=d09efc5f950a5d562db88b8e2035a5512c5457a65fe4555dd1973d84267a34fa
2026-09-25 10:21:05,296 Epoch 13/50 source_MSE=351.748388 DARE_GRAM_raw=19.200422 weighted_alignment=16.147049 tradeoff=0.840973597 target_draws=576 target_unique=309 source_order_sha256=84660869ec2ae9caef903691d59b1d4b9c8b4e4b5ec368e84223f6694517a49f
2026-09-25 10:21:23,361 Epoch 14/50 source_MSE=197.588677 DARE_GRAM_raw=18.425577 weighted_alignment=16.000749 tradeoff=0.868398834 target_draws=576 target_unique=302 source_order_sha256=f25c3311fdae5c2ffd3bc462cc3ebb24560b933e808c53c78d0d6360efd1ad43
2026-09-25 10:21:41,441 Epoch 15/50 source_MSE=119.527955 DARE_GRAM_raw=17.126386 weighted_alignment=15.266006 tradeoff=0.891373468 target_draws=576 target_unique=302 source_order_sha256=9418af6c201e95312a2b7b5bb2b8747279f32ad95fe2d15ad835f6e2700de857
2026-09-25 10:21:59,651 Epoch 16/50 source_MSE=82.871878 DARE_GRAM_raw=15.040328 weighted_alignment=13.694659 tradeoff=0.910529307 target_draws=576 target_unique=308 source_order_sha256=83f064226afbf515c938675f8d1ef98dcadb4841e2df020c24d113c36fb27a33
2026-09-25 10:22:18,104 Epoch 17/50 source_MSE=64.743861 DARE_GRAM_raw=10.836537 weighted_alignment=10.039385 tradeoff=0.926438477 target_draws=576 target_unique=307 source_order_sha256=b03ad726eebb41c448aa5410541a010edd78325452627a98a682a261133dae84
2026-09-25 10:22:36,237 Epoch 18/50 source_MSE=34.141472 DARE_GRAM_raw=17.812742 weighted_alignment=16.736998 tradeoff=0.939608189 target_draws=576 target_unique=301 source_order_sha256=09824475738300155d87e72c206d8e14e3c21142752841e21ea3118102a03a78
2026-09-25 10:22:54,358 Epoch 19/50 source_MSE=36.606371 DARE_GRAM_raw=8.256389 weighted_alignment=7.847539 tradeoff=0.950480736 target_draws=576 target_unique=299 source_order_sha256=146dfda9705cb65997e36d40d9d8f3fc1a91535d2a638413c1a72dfa0dea5e38
2026-09-25 10:23:12,552 Epoch 20/50 source_MSE=44.176383 DARE_GRAM_raw=12.700903 weighted_alignment=12.185713 tradeoff=0.959436796 target_draws=576 target_unique=305 source_order_sha256=596a44a6af4299e18d3d4661a4813fefcc0e5bfb332bd57dbf1bed6ff8f23ed8
2026-09-25 10:23:30,838 Epoch 21/50 source_MSE=35.509529 DARE_GRAM_raw=9.251663 weighted_alignment=8.944514 tradeoff=0.966800633 target_draws=576 target_unique=308 source_order_sha256=ec053a7b6bb5e6c2f3b15920d597ccffdb43297743e63fd33438f5c4d061e402
2026-09-25 10:23:48,965 Epoch 22/50 source_MSE=21.757811 DARE_GRAM_raw=5.696255 weighted_alignment=5.541579 tradeoff=0.972846166 target_draws=576 target_unique=307 source_order_sha256=5c459ac513f58f51b8fec9c0b5213f5ae72b105ac3cc5f8d547f32f20dfeb021
2026-09-25 10:24:07,276 Epoch 23/50 source_MSE=31.193803 DARE_GRAM_raw=7.097534 weighted_alignment=6.939991 tradeoff=0.977803245 target_draws=576 target_unique=304 source_order_sha256=dead41ee542d8b73ade811884438f91d651cee7e3a78df272809510f05d84be4
2026-09-25 10:24:25,312 Epoch 24/50 source_MSE=13.049708 DARE_GRAM_raw=6.993463 weighted_alignment=6.866628 tradeoff=0.981863701 target_draws=576 target_unique=305 source_order_sha256=70a372a61f51f58188688e545994fc02044caca10ef66ac2cc616e3b0fb146f1
2026-09-25 10:24:43,435 Epoch 25/50 source_MSE=37.645180 DARE_GRAM_raw=14.353183 weighted_alignment=14.140568 tradeoff=0.985186941 target_draws=576 target_unique=307 source_order_sha256=406447badecdf8c8abfdbdb268d55e35105b6928bfdf04b43afd1ae4cf5e6c2a
2026-09-25 10:25:01,822 Epoch 26/50 source_MSE=26.840890 DARE_GRAM_raw=6.705159 weighted_alignment=6.624060 tradeoff=0.987904956 target_draws=576 target_unique=299 source_order_sha256=1131696b94c0fd56eb032ceb9b6aeae026ee961cd916256fc79f45216c350cd4
2026-09-25 10:25:20,444 Epoch 27/50 source_MSE=46.583521 DARE_GRAM_raw=7.181544 weighted_alignment=7.110638 tradeoff=0.990126730 target_draws=576 target_unique=302 source_order_sha256=e1ee54e5c5d6de313b776e739a81cf43385ada59c99757bf67e2c6b63158466f
2026-09-25 10:25:38,931 Epoch 28/50 source_MSE=50.323921 DARE_GRAM_raw=11.355395 weighted_alignment=11.263893 tradeoff=0.991942033 target_draws=576 target_unique=305 source_order_sha256=d35b9a8d1d25533c9a0e45fbd1af9a44f9dd11ed2c6ceb1fd424f29b0b554702
2026-09-25 10:25:57,021 Epoch 29/50 source_MSE=39.458622 DARE_GRAM_raw=9.061385 weighted_alignment=9.001803 tradeoff=0.993424677 target_draws=576 target_unique=303 source_order_sha256=61ee3cc8ebe6ccaa491456539c3adce68625d89bd8def884212fc24ad251095d
2026-09-25 10:26:15,330 Epoch 30/50 source_MSE=25.349464 DARE_GRAM_raw=3.391364 weighted_alignment=3.373170 tradeoff=0.994635253 target_draws=576 target_unique=300 source_order_sha256=73ac7fdd938ff58317dde1c6c33849dea1b7969e5da9b08a475ebf48c31efcb6
2026-09-25 10:26:33,770 Epoch 31/50 source_MSE=37.145752 DARE_GRAM_raw=2.946979 weighted_alignment=2.934081 tradeoff=0.995623441 target_draws=576 target_unique=297 source_order_sha256=d921e653acc23594bbcc5bf82b181aad8b4faa83eff37af0de1036fdaa0a13f5
2026-09-25 10:26:52,652 Epoch 32/50 source_MSE=35.320673 DARE_GRAM_raw=5.984016 weighted_alignment=5.962653 tradeoff=0.996429930 target_draws=576 target_unique=299 source_order_sha256=8b69406c397a3abc5fa477ef79ee4c095bb78eee45f5749a5e0df9271daff785
2026-09-25 10:27:11,424 Epoch 33/50 source_MSE=39.859646 DARE_GRAM_raw=7.991231 weighted_alignment=7.967961 tradeoff=0.997088020 target_draws=576 target_unique=304 source_order_sha256=bd82dc16c16f3172fe04eeed7ee7545beef7a4e3999c3f72959026b91c1b4553
2026-09-25 10:27:30,416 Epoch 34/50 source_MSE=39.240281 DARE_GRAM_raw=9.011449 weighted_alignment=8.990046 tradeoff=0.997624946 target_draws=576 target_unique=304 source_order_sha256=c12e30c53331753b0c3604ceba47c5439f348f73bbeea6fff203d4c0c6d238c3
2026-09-25 10:27:49,344 Epoch 35/50 source_MSE=17.419644 DARE_GRAM_raw=4.396987 weighted_alignment=4.388470 tradeoff=0.998062966 target_draws=576 target_unique=301 source_order_sha256=0bffbbbd0b883935a28028e6724a225d208f082f0b34c24103f2531a9807eaf3
2026-09-25 10:28:08,116 Epoch 36/50 source_MSE=19.355404 DARE_GRAM_raw=5.557665 weighted_alignment=5.548885 tradeoff=0.998420268 target_draws=576 target_unique=302 source_order_sha256=558da94726c537b879afe06f4d02dd9d0e55d3a97c05bc0b06f4c9eabc0e8a77
2026-09-25 10:28:26,846 Epoch 37/50 source_MSE=27.036578 DARE_GRAM_raw=4.884500 weighted_alignment=4.878207 tradeoff=0.998711705 target_draws=576 target_unique=307 source_order_sha256=a4052a2408d9e3f44dc19a9221c83fad7fa4d3f1b08237f88d8c6247ff8397f4
2026-09-25 10:28:45,747 Epoch 38/50 source_MSE=22.093333 DARE_GRAM_raw=4.608050 weighted_alignment=4.603208 tradeoff=0.998949405 target_draws=576 target_unique=297 source_order_sha256=cefb079099d8ecd337e1e529b098518a413053412fdc1dd6115a22074bae2554
2026-09-25 10:29:04,891 Epoch 39/50 source_MSE=31.008257 DARE_GRAM_raw=5.540434 weighted_alignment=5.535687 tradeoff=0.999143266 target_draws=576 target_unique=301 source_order_sha256=5c6dc1c3cb4fbb0bc3ef2f9b436fe1316c090b4e814e8a1ae29977356eea0d72
2026-09-25 10:29:23,407 Epoch 40/50 source_MSE=34.920183 DARE_GRAM_raw=4.266159 weighted_alignment=4.263179 tradeoff=0.999301368 target_draws=576 target_unique=307 source_order_sha256=17ceed53c733c7cf13c7ef250e813676b78f823cf63267994391236aeb5c8f8f
2026-09-25 10:29:41,514 Epoch 41/50 source_MSE=37.129591 DARE_GRAM_raw=4.413316 weighted_alignment=4.410801 tradeoff=0.999430301 target_draws=576 target_unique=307 source_order_sha256=eb40b6a370549989597776d1de1e6f7066b7f811f09ef13787014cbeeadd0f50
2026-09-25 10:29:59,599 Epoch 42/50 source_MSE=25.266909 DARE_GRAM_raw=3.119531 weighted_alignment=3.118082 tradeoff=0.999535446 target_draws=576 target_unique=298 source_order_sha256=8946be868e45ac642e0c382eb71e3a42bcfe78b506cafd65feef2758b6e76c8d
2026-09-25 10:30:17,611 Epoch 43/50 source_MSE=20.984545 DARE_GRAM_raw=2.952106 weighted_alignment=2.950988 tradeoff=0.999621188 target_draws=576 target_unique=303 source_order_sha256=2acd2de7be047e9e483408740aa080e624a6d09e4ecc4cf0ab9bdfecaaea44c9
2026-09-25 10:30:35,481 Epoch 44/50 source_MSE=48.191895 DARE_GRAM_raw=5.294406 weighted_alignment=5.292770 tradeoff=0.999691108 target_draws=576 target_unique=308 source_order_sha256=3f8da48fb178e1a1f6e29061b72769922b9d5d89fa79aaa47e55647ba8ec29b9
2026-09-25 10:30:53,610 Epoch 45/50 source_MSE=34.674759 DARE_GRAM_raw=4.920957 weighted_alignment=4.919718 tradeoff=0.999748123 target_draws=576 target_unique=308 source_order_sha256=15465759fb3164a9ef5b041fa9d4a7461bffd23de05f1f49a0335f1cf4e3096d
2026-09-25 10:31:11,441 Epoch 46/50 source_MSE=31.492165 DARE_GRAM_raw=3.490152 weighted_alignment=3.489435 tradeoff=0.999794616 target_draws=576 target_unique=297 source_order_sha256=eebe5a64ce158cd06a673ec7024117e98451f277e19ce9522b3df7f94f030ef7
2026-09-25 10:31:29,930 Epoch 47/50 source_MSE=20.491422 DARE_GRAM_raw=3.662948 weighted_alignment=3.662335 tradeoff=0.999832528 target_draws=576 target_unique=300 source_order_sha256=bd50ed1e56fae53426c7706dc694499800af36d8ddcdb632c77391145679c2c0
2026-09-25 10:31:48,596 Epoch 48/50 source_MSE=19.178744 DARE_GRAM_raw=5.968345 weighted_alignment=5.967530 tradeoff=0.999863442 target_draws=576 target_unique=307 source_order_sha256=4b93e383db3358184a22ecf590a41d8b443a9479f008eb3b373de128c76a2da6
2026-09-25 10:32:07,765 Epoch 49/50 source_MSE=39.001299 DARE_GRAM_raw=3.463483 weighted_alignment=3.463097 tradeoff=0.999888649 target_draws=576 target_unique=308 source_order_sha256=023a34f0b0d1494eeacd8e14e7fe30943115a398ece393aa5d10bc562d834194
2026-09-25 10:32:26,943 Epoch 50/50 source_MSE=19.497775 DARE_GRAM_raw=3.487093 weighted_alignment=3.486776 tradeoff=0.999909204 target_draws=576 target_unique=300 source_order_sha256=010f436a01e10a37a75eb0bca44624bcdd50bb4c1e8fc4996b8e127bc9f8148d
2026-09-25 10:32:26,950 Full-target unlabeled use over training: draws=28800 unique=315 suffix_inputs_used=221
2026-09-25 10:32:26,989 Saved final epoch 50 weights: artifacts\C1C4_to_C6_DAREGRAM_full_target_unlabeled_seed42\epoch50.pth
2026-09-25 10:32:33,626 Predicted C6 suffix: 64/221
2026-09-25 10:32:40,310 Predicted C6 suffix: 128/221
2026-09-25 10:32:47,193 Predicted C6 suffix: 192/221
2026-09-25 10:32:50,236 Predicted C6 suffix: 221/221
2026-09-25 10:32:50,247 C6 suffix metrics from final epoch: {'MAE': 16.335197543935735, 'RMSE': 19.84624558992457, 'R2': 0.654700249073934, 'MAPE_percent': 10.70044385907093}
2026-09-25 10:32:50,247 Independent prediction CSV recomputation: {'MAE': 16.335197543935735, 'RMSE': 19.846245589924568, 'R2': 0.6547002490739341, 'MAPE_percent': 10.700443859070928}
2026-09-25 10:32:50,253 Comparison, full-target minus source-only: {'MAE': -6.686786844138712, 'RMSE': -5.55086987696663, 'R2': 0.22016863493265992, 'MAPE_percent': -4.777436244273932}
2026-09-25 10:32:50,253 Comparison, full-target minus prefix-unlabeled: {'MAE': -19.91478709941436, 'RMSE': -18.824642832538373, 'R2': 0.9657157957202116, 'MAPE_percent': -15.837568749703234}
