2026-09-25 09:47:51,339 Audited C1 NPZ rows: 50/315
2026-09-25 09:47:56,140 Audited C1 NPZ rows: 100/315
2026-09-25 09:48:00,757 Audited C1 NPZ rows: 150/315
2026-09-25 09:48:05,418 Audited C1 NPZ rows: 200/315
2026-09-25 09:48:10,122 Audited C1 NPZ rows: 250/315
2026-09-25 09:48:14,717 Audited C1 NPZ rows: 300/315
2026-09-25 09:48:16,116 Audited C1 NPZ rows: 315/315
2026-09-25 09:48:21,140 Audited C4 NPZ rows: 50/315
2026-09-25 09:48:25,657 Audited C4 NPZ rows: 100/315
2026-09-25 09:48:30,158 Audited C4 NPZ rows: 150/315
2026-09-25 09:48:34,729 Audited C4 NPZ rows: 200/315
2026-09-25 09:48:39,319 Audited C4 NPZ rows: 250/315
2026-09-25 09:48:43,947 Audited C4 NPZ rows: 300/315
2026-09-25 09:48:45,389 Audited C4 NPZ rows: 315/315
2026-09-25 09:48:55,307 Source samples: C1=315 C4=315 combined=630
2026-09-25 09:48:55,307 C6 unlabeled prefix cuts: [1, 2, 3, 4, 5, 6, 7, 8, 9, 10, 11, 12, 13, 14, 15, 16, 17, 18, 19, 20, 21, 22, 23, 24, 25, 26, 27, 28, 29, 30, 31, 32, 33, 34, 35, 36, 37, 38, 39, 40, 41, 42, 43, 44, 45, 46, 47, 48, 49, 50, 51, 52, 53, 54, 55, 56, 57, 58, 59, 60, 61, 62, 63, 64, 65, 66, 67, 68, 69, 70, 71, 72, 73, 74, 75, 76, 77, 78, 79, 80, 81, 82, 83, 84, 85, 86, 87, 88, 89, 90, 91, 92, 93, 94]
2026-09-25 09:48:55,307 C6 fixed suffix test cuts: [95, 96, 97, 98, 99, 100, 101, 102, 103, 104, 105, 106, 107, 108, 109, 110, 111, 112, 113, 114, 115, 116, 117, 118, 119, 120, 121, 122, 123, 124, 125, 126, 127, 128, 129, 130, 131, 132, 133, 134, 135, 136, 137, 138, 139, 140, 141, 142, 143, 144, 145, 146, 147, 148, 149, 150, 151, 152, 153, 154, 155, 156, 157, 158, 159, 160, 161, 162, 163, 164, 165, 166, 167, 168, 169, 170, 171, 172, 173, 174, 175, 176, 177, 178, 179, 180, 181, 182, 183, 184, 185, 186, 187, 188, 189, 190, 191, 192, 193, 194, 195, 196, 197, 198, 199, 200, 201, 202, 203, 204, 205, 206, 207, 208, 209, 210, 211, 212, 213, 214, 215, 216, 217, 218, 219, 220, 221, 222, 223, 224, 225, 226, 227, 228, 229, 230, 231, 232, 233, 234, 235, 236, 237, 238, 239, 240, 241, 242, 243, 244, 245, 246, 247, 248, 249, 250, 251, 252, 253, 254, 255, 256, 257, 258, 259, 260, 261, 262, 263, 264, 265, 266, 267, 268, 269, 270, 271, 272, 273, 274, 275, 276, 277, 278, 279, 280, 281, 282, 283, 284, 285, 286, 287, 288, 289, 290, 291, 292, 293, 294, 295, 296, 297, 298, 299, 300, 301, 302, 303, 304, 305, 306, 307, 308, 309, 310, 311, 312, 313, 314, 315]
2026-09-25 09:48:55,307 Source label ranges: C1=[39.64352035522461, 165.1724090576172] C4=[24.216035842895508, 203.07791137695312] combined=[24.216035842895508, 203.07791137695312]
2026-09-25 09:48:55,307 Tensor shapes: source=(630, 6, 128, 128) prefix=(94, 6, 128, 128) expected C6 test=[221, 6, 128, 128]
2026-09-25 09:48:55,307 C1+C4 normalization equals source-only: mean=[0.14578767120838165, 0.12198133021593094, 0.11441386491060257, 0.005258434452116489, 0.004921784158796072, 0.005242453888058662] std=[0.4551697373390198, 0.33262041211128235, 0.38503599166870117, 0.006077534984797239, 0.006272889208048582, 0.006465498358011246]
2026-09-25 09:48:55,555 Initial model SHA256: 791e81a865208ac373d2a6f5c599e792686145eddafbc4ef215d7b4890f983ae (matches reconstructed source-only)
2026-09-25 09:49:14,639 Epoch 1/50 source_MSE=10486.574436 DARE_GRAM_raw=79.963402 weighted_alignment=0.000000 tradeoff=0.000000000 target_draws=576 target_unique=94 source_order_sha256=72c80c530094572be162965463f7e455c090c0f92e781d1b0520b5d3b0396d9a
2026-09-25 09:49:33,648 Epoch 2/50 source_MSE=8944.042752 DARE_GRAM_raw=64.871875 weighted_alignment=6.596699 tradeoff=0.101688124 target_draws=576 target_unique=94 source_order_sha256=e38c101bacf6fdb63f1cfc90e637269ccd029cc3b40ab1dbefc96c9cf533ff2e
2026-09-25 09:49:52,733 Epoch 3/50 source_MSE=8041.316243 DARE_GRAM_raw=41.330118 weighted_alignment=8.319536 tradeoff=0.201294765 target_draws=576 target_unique=94 source_order_sha256=4e5d47657290cbca4264d8e1c4547fa7d0bf70ecf885e362d529972df8d0c689
2026-09-25 09:50:12,152 Epoch 4/50 source_MSE=6788.457628 DARE_GRAM_raw=52.606112 weighted_alignment=15.619042 tradeoff=0.296905447 target_draws=576 target_unique=94 source_order_sha256=ca617cd042452e139c48859ea1282625c3651bd281dc93ecc15c9c457615018a
2026-09-25 09:50:31,135 Epoch 5/50 source_MSE=5876.486003 DARE_GRAM_raw=53.567404 weighted_alignment=20.725872 tradeoff=0.386912017 target_draws=576 target_unique=94 source_order_sha256=3737ef7526fe5e5231a480a67d3d50b2775db50e925799a5a268b9d5748b5bdb
2026-09-25 09:50:49,975 Epoch 6/50 source_MSE=4792.194851 DARE_GRAM_raw=64.517644 weighted_alignment=30.330015 tradeoff=0.470104194 target_draws=576 target_unique=94 source_order_sha256=89b68709b1405a55a012069759744e07dcc56da88a9fa1569a306d35f0785f8d
2026-09-25 09:51:09,064 Epoch 7/50 source_MSE=3898.104140 DARE_GRAM_raw=26.913182 weighted_alignment=14.686670 tradeoff=0.545705410 target_draws=576 target_unique=94 source_order_sha256=7399aefdd2570e5d9e22993abaf213cde0ba82bbcf016f434675f1b9831e4376
2026-09-25 09:51:27,925 Epoch 8/50 source_MSE=2906.676771 DARE_GRAM_raw=47.959165 weighted_alignment=29.416101 tradeoff=0.613357260 target_draws=576 target_unique=94 source_order_sha256=766a6fdb380d022fbfcdea3170f6e96c3d8cb89f60c9fce8d3c5ef69bb99ccf8
2026-09-25 09:51:46,320 Epoch 9/50 source_MSE=2131.615302 DARE_GRAM_raw=42.079245 weighted_alignment=28.322090 tradeoff=0.673065515 target_draws=576 target_unique=94 source_order_sha256=ccbe2fa9dd339adabe1f541cd1fecb08102cb0e8f6503a8ee5c8392f3c7205ba
2026-09-25 09:52:04,620 Epoch 10/50 source_MSE=1476.483602 DARE_GRAM_raw=23.954387 weighted_alignment=17.369904 tradeoff=0.725124135 target_draws=576 target_unique=94 source_order_sha256=4a5d2db3fb8662cd03cab81386e384cc943469e35f8ceaaa99e6ac5f5103eea9
2026-09-25 09:52:23,303 Epoch 11/50 source_MSE=933.142978 DARE_GRAM_raw=39.393510 weighted_alignment=30.334291 tradeoff=0.770032731 target_draws=576 target_unique=94 source_order_sha256=b617a2e89eeed6907bddedf89dfccbb14e14dc79df4327e31f0f9d7bce1399e0
2026-09-25 09:52:42,106 Epoch 12/50 source_MSE=604.765884 DARE_GRAM_raw=39.028715 weighted_alignment=31.551557 tradeoff=0.808419068 target_draws=576 target_unique=94 source_order_sha256=d09efc5f950a5d562db88b8e2035a5512c5457a65fe4555dd1973d84267a34fa
2026-09-25 09:53:00,783 Epoch 13/50 source_MSE=343.565430 DARE_GRAM_raw=37.383102 weighted_alignment=31.438203 tradeoff=0.840973597 target_draws=576 target_unique=94 source_order_sha256=84660869ec2ae9caef903691d59b1d4b9c8b4e4b5ec368e84223f6694517a49f
2026-09-25 09:53:19,688 Epoch 14/50 source_MSE=175.057715 DARE_GRAM_raw=11.380259 weighted_alignment=9.882604 tradeoff=0.868398834 target_draws=576 target_unique=94 source_order_sha256=f25c3311fdae5c2ffd3bc462cc3ebb24560b933e808c53c78d0d6360efd1ad43
2026-09-25 09:53:38,683 Epoch 15/50 source_MSE=109.241394 DARE_GRAM_raw=21.067860 weighted_alignment=18.779331 tradeoff=0.891373468 target_draws=576 target_unique=94 source_order_sha256=9418af6c201e95312a2b7b5bb2b8747279f32ad95fe2d15ad835f6e2700de857
2026-09-25 09:53:57,005 Epoch 16/50 source_MSE=77.350466 DARE_GRAM_raw=8.304214 weighted_alignment=7.561230 tradeoff=0.910529307 target_draws=576 target_unique=93 source_order_sha256=83f064226afbf515c938675f8d1ef98dcadb4841e2df020c24d113c36fb27a33
2026-09-25 09:54:15,809 Epoch 17/50 source_MSE=58.610446 DARE_GRAM_raw=13.551611 weighted_alignment=12.554733 tradeoff=0.926438477 target_draws=576 target_unique=94 source_order_sha256=b03ad726eebb41c448aa5410541a010edd78325452627a98a682a261133dae84
2026-09-25 09:54:34,437 Epoch 18/50 source_MSE=28.655665 DARE_GRAM_raw=9.781277 weighted_alignment=9.190568 tradeoff=0.939608189 target_draws=576 target_unique=94 source_order_sha256=09824475738300155d87e72c206d8e14e3c21142752841e21ea3118102a03a78
2026-09-25 09:54:52,680 Epoch 19/50 source_MSE=29.790284 DARE_GRAM_raw=10.139355 weighted_alignment=9.637262 tradeoff=0.950480736 target_draws=576 target_unique=94 source_order_sha256=146dfda9705cb65997e36d40d9d8f3fc1a91535d2a638413c1a72dfa0dea5e38
2026-09-25 09:55:10,885 Epoch 20/50 source_MSE=43.365245 DARE_GRAM_raw=10.807084 weighted_alignment=10.368714 tradeoff=0.959436796 target_draws=576 target_unique=94 source_order_sha256=596a44a6af4299e18d3d4661a4813fefcc0e5bfb332bd57dbf1bed6ff8f23ed8
2026-09-25 09:55:29,046 Epoch 21/50 source_MSE=45.820507 DARE_GRAM_raw=15.057949 weighted_alignment=14.558034 tradeoff=0.966800633 target_draws=576 target_unique=94 source_order_sha256=ec053a7b6bb5e6c2f3b15920d597ccffdb43297743e63fd33438f5c4d061e402
2026-09-25 09:55:47,177 Epoch 22/50 source_MSE=27.199638 DARE_GRAM_raw=7.082519 weighted_alignment=6.890201 tradeoff=0.972846166 target_draws=576 target_unique=94 source_order_sha256=5c459ac513f58f51b8fec9c0b5213f5ae72b105ac3cc5f8d547f32f20dfeb021
2026-09-25 09:56:06,012 Epoch 23/50 source_MSE=38.608474 DARE_GRAM_raw=7.254539 weighted_alignment=7.093512 tradeoff=0.977803245 target_draws=576 target_unique=94 source_order_sha256=dead41ee542d8b73ade811884438f91d651cee7e3a78df272809510f05d84be4
2026-09-25 09:56:24,794 Epoch 24/50 source_MSE=24.232310 DARE_GRAM_raw=8.900169 weighted_alignment=8.738753 tradeoff=0.981863701 target_draws=576 target_unique=94 source_order_sha256=70a372a61f51f58188688e545994fc02044caca10ef66ac2cc616e3b0fb146f1
2026-09-25 09:56:43,618 Epoch 25/50 source_MSE=39.780535 DARE_GRAM_raw=5.551038 weighted_alignment=5.468810 tradeoff=0.985186941 target_draws=576 target_unique=94 source_order_sha256=406447badecdf8c8abfdbdb268d55e35105b6928bfdf04b43afd1ae4cf5e6c2a
2026-09-25 09:57:02,395 Epoch 26/50 source_MSE=30.460939 DARE_GRAM_raw=10.302097 weighted_alignment=10.177492 tradeoff=0.987904956 target_draws=576 target_unique=94 source_order_sha256=1131696b94c0fd56eb032ceb9b6aeae026ee961cd916256fc79f45216c350cd4
2026-09-25 09:57:21,488 Epoch 27/50 source_MSE=43.164994 DARE_GRAM_raw=7.276524 weighted_alignment=7.204681 tradeoff=0.990126730 target_draws=576 target_unique=94 source_order_sha256=e1ee54e5c5d6de313b776e739a81cf43385ada59c99757bf67e2c6b63158466f
2026-09-25 09:57:40,482 Epoch 28/50 source_MSE=39.297024 DARE_GRAM_raw=11.357932 weighted_alignment=11.266410 tradeoff=0.991942033 target_draws=576 target_unique=94 source_order_sha256=d35b9a8d1d25533c9a0e45fbd1af9a44f9dd11ed2c6ceb1fd424f29b0b554702
2026-09-25 09:57:59,786 Epoch 29/50 source_MSE=32.905760 DARE_GRAM_raw=13.303795 weighted_alignment=13.216318 tradeoff=0.993424677 target_draws=576 target_unique=94 source_order_sha256=61ee3cc8ebe6ccaa491456539c3adce68625d89bd8def884212fc24ad251095d
2026-09-25 09:58:19,179 Epoch 30/50 source_MSE=28.181749 DARE_GRAM_raw=4.828282 weighted_alignment=4.802379 tradeoff=0.994635253 target_draws=576 target_unique=94 source_order_sha256=73ac7fdd938ff58317dde1c6c33849dea1b7969e5da9b08a475ebf48c31efcb6
2026-09-25 09:58:38,483 Epoch 31/50 source_MSE=41.997688 DARE_GRAM_raw=5.667567 weighted_alignment=5.642763 tradeoff=0.995623441 target_draws=576 target_unique=94 source_order_sha256=d921e653acc23594bbcc5bf82b181aad8b4faa83eff37af0de1036fdaa0a13f5
2026-09-25 09:58:57,606 Epoch 32/50 source_MSE=41.163731 DARE_GRAM_raw=3.691152 weighted_alignment=3.677974 tradeoff=0.996429930 target_draws=576 target_unique=94 source_order_sha256=8b69406c397a3abc5fa477ef79ee4c095bb78eee45f5749a5e0df9271daff785
2026-09-25 09:59:16,226 Epoch 33/50 source_MSE=42.364273 DARE_GRAM_raw=6.356365 weighted_alignment=6.337855 tradeoff=0.997088020 target_draws=576 target_unique=94 source_order_sha256=bd82dc16c16f3172fe04eeed7ee7545beef7a4e3999c3f72959026b91c1b4553
2026-09-25 09:59:34,495 Epoch 34/50 source_MSE=39.785372 DARE_GRAM_raw=7.384779 weighted_alignment=7.367240 tradeoff=0.997624946 target_draws=576 target_unique=94 source_order_sha256=c12e30c53331753b0c3604ceba47c5439f348f73bbeea6fff203d4c0c6d238c3
2026-09-25 09:59:52,943 Epoch 35/50 source_MSE=18.073490 DARE_GRAM_raw=5.544910 weighted_alignment=5.534169 tradeoff=0.998062966 target_draws=576 target_unique=94 source_order_sha256=0bffbbbd0b883935a28028e6724a225d208f082f0b34c24103f2531a9807eaf3
2026-09-25 10:00:12,458 Epoch 36/50 source_MSE=17.254406 DARE_GRAM_raw=5.790362 weighted_alignment=5.781214 tradeoff=0.998420268 target_draws=576 target_unique=94 source_order_sha256=558da94726c537b879afe06f4d02dd9d0e55d3a97c05bc0b06f4c9eabc0e8a77
2026-09-25 10:00:31,713 Epoch 37/50 source_MSE=33.097460 DARE_GRAM_raw=3.676162 weighted_alignment=3.671426 tradeoff=0.998711705 target_draws=576 target_unique=94 source_order_sha256=a4052a2408d9e3f44dc19a9221c83fad7fa4d3f1b08237f88d8c6247ff8397f4
2026-09-25 10:00:50,529 Epoch 38/50 source_MSE=24.725692 DARE_GRAM_raw=3.434812 weighted_alignment=3.431203 tradeoff=0.998949405 target_draws=576 target_unique=94 source_order_sha256=cefb079099d8ecd337e1e529b098518a413053412fdc1dd6115a22074bae2554
2026-09-25 10:01:08,839 Epoch 39/50 source_MSE=30.904929 DARE_GRAM_raw=7.787365 weighted_alignment=7.780693 tradeoff=0.999143266 target_draws=576 target_unique=94 source_order_sha256=5c6dc1c3cb4fbb0bc3ef2f9b436fe1316c090b4e814e8a1ae29977356eea0d72
2026-09-25 10:01:27,232 Epoch 40/50 source_MSE=34.314178 DARE_GRAM_raw=4.398266 weighted_alignment=4.395194 tradeoff=0.999301368 target_draws=576 target_unique=94 source_order_sha256=17ceed53c733c7cf13c7ef250e813676b78f823cf63267994391236aeb5c8f8f
2026-09-25 10:01:45,547 Epoch 41/50 source_MSE=34.328319 DARE_GRAM_raw=7.923451 weighted_alignment=7.918937 tradeoff=0.999430301 target_draws=576 target_unique=94 source_order_sha256=eb40b6a370549989597776d1de1e6f7066b7f811f09ef13787014cbeeadd0f50
2026-09-25 10:02:03,831 Epoch 42/50 source_MSE=22.588633 DARE_GRAM_raw=4.158649 weighted_alignment=4.156717 tradeoff=0.999535446 target_draws=576 target_unique=94 source_order_sha256=8946be868e45ac642e0c382eb71e3a42bcfe78b506cafd65feef2758b6e76c8d
2026-09-25 10:02:22,351 Epoch 43/50 source_MSE=19.076816 DARE_GRAM_raw=3.996391 weighted_alignment=3.994877 tradeoff=0.999621188 target_draws=576 target_unique=94 source_order_sha256=2acd2de7be047e9e483408740aa080e624a6d09e4ecc4cf0ab9bdfecaaea44c9
2026-09-25 10:02:41,231 Epoch 44/50 source_MSE=47.270564 DARE_GRAM_raw=4.549601 weighted_alignment=4.548195 tradeoff=0.999691108 target_draws=576 target_unique=94 source_order_sha256=3f8da48fb178e1a1f6e29061b72769922b9d5d89fa79aaa47e55647ba8ec29b9
2026-09-25 10:03:00,217 Epoch 45/50 source_MSE=35.703974 DARE_GRAM_raw=2.988878 weighted_alignment=2.988125 tradeoff=0.999748123 target_draws=576 target_unique=94 source_order_sha256=15465759fb3164a9ef5b041fa9d4a7461bffd23de05f1f49a0335f1cf4e3096d
2026-09-25 10:03:18,760 Epoch 46/50 source_MSE=30.006703 DARE_GRAM_raw=2.475172 weighted_alignment=2.474664 tradeoff=0.999794616 target_draws=576 target_unique=94 source_order_sha256=eebe5a64ce158cd06a673ec7024117e98451f277e19ce9522b3df7f94f030ef7
2026-09-25 10:03:37,218 Epoch 47/50 source_MSE=20.198424 DARE_GRAM_raw=4.065737 weighted_alignment=4.065056 tradeoff=0.999832528 target_draws=576 target_unique=94 source_order_sha256=bd50ed1e56fae53426c7706dc694499800af36d8ddcdb632c77391145679c2c0
2026-09-25 10:03:55,704 Epoch 48/50 source_MSE=19.572971 DARE_GRAM_raw=3.126452 weighted_alignment=3.126025 tradeoff=0.999863442 target_draws=576 target_unique=94 source_order_sha256=4b93e383db3358184a22ecf590a41d8b443a9479f008eb3b373de128c76a2da6
2026-09-25 10:04:14,310 Epoch 49/50 source_MSE=40.244735 DARE_GRAM_raw=1.964505 weighted_alignment=1.964286 tradeoff=0.999888649 target_draws=576 target_unique=94 source_order_sha256=023a34f0b0d1494eeacd8e14e7fe30943115a398ece393aa5d10bc562d834194
2026-09-25 10:04:32,857 Epoch 50/50 source_MSE=18.488458 DARE_GRAM_raw=5.124283 weighted_alignment=5.123818 tradeoff=0.999909204 target_draws=576 target_unique=94 source_order_sha256=010f436a01e10a37a75eb0bca44624bcdd50bb4c1e8fc4996b8e127bc9f8148d
2026-09-25 10:04:32,859 Target prefix use over training: draws=28800 unique=94 overlap_with_suffix=0
2026-09-25 10:04:32,897 Saved final epoch 50 weights: artifacts\C1C4_to_C6_DAREGRAM_prefix_unlabeled_seed42\epoch50.pth
2026-09-25 10:04:39,296 Predicted C6 suffix: 64/221
2026-09-25 10:04:45,919 Predicted C6 suffix: 128/221
2026-09-25 10:04:54,685 Predicted C6 suffix: 192/221
2026-09-25 10:04:58,197 Predicted C6 suffix: 221/221
2026-09-25 10:04:58,208 C6 suffix metrics from final epoch: {'MAE': 36.249984643350096, 'RMSE': 38.67088842246295, 'R2': -0.31101554664627784, 'MAPE_percent': 26.53801260877417}
2026-09-25 10:04:58,208 Independent prediction CSV recomputation: {'MAE': 36.249984643350096, 'RMSE': 38.670888422462944, 'R2': -0.3110155466462776, 'MAPE_percent': 26.538012608774164}
2026-09-25 10:04:58,211 Comparison, new minus source-only: {'MAE': 13.22800025527565, 'RMSE': 13.27377295557175, 'R2': -0.7455471607875519, 'MAPE_percent': 11.060132505429308}
